Component: ARM Compiler 5.06 update 6 (build 750) Tool: armlink [4d35ed]

==============================================================================

Section Cross References

    startup_stm32f10x_md.o(STACK) refers (Special) to heapauxi.o(.text) for __use_two_region_memory
    startup_stm32f10x_md.o(HEAP) refers (Special) to heapauxi.o(.text) for __use_two_region_memory
    startup_stm32f10x_md.o(RESET) refers (Special) to heapauxi.o(.text) for __use_two_region_memory
    startup_stm32f10x_md.o(RESET) refers to startup_stm32f10x_md.o(STACK) for __initial_sp
    startup_stm32f10x_md.o(RESET) refers to startup_stm32f10x_md.o(.text) for Reset_Handler
    startup_stm32f10x_md.o(RESET) refers to delay.o(i.SysTick_Handler) for SysTick_Handler
    startup_stm32f10x_md.o(RESET) refers to user_control.o(i.USART2_IRQHandler) for USART2_IRQHandler
    startup_stm32f10x_md.o(.text) refers (Special) to heapauxi.o(.text) for __use_two_region_memory
    startup_stm32f10x_md.o(.text) refers to system_stm32f10x.o(i.SystemInit) for SystemInit
    startup_stm32f10x_md.o(.text) refers to __main.o(!!!main) for __main
    startup_stm32f10x_md.o(.text) refers to startup_stm32f10x_md.o(HEAP) for Heap_Mem
    startup_stm32f10x_md.o(.text) refers to startup_stm32f10x_md.o(STACK) for Stack_Mem
    system_stm32f10x.o(i.SetSysClock) refers to system_stm32f10x.o(i.SetSysClockTo72) for SetSysClockTo72
    system_stm32f10x.o(i.SystemCoreClockUpdate) refers to system_stm32f10x.o(.data) for SystemCoreClock
    system_stm32f10x.o(i.SystemInit) refers to system_stm32f10x.o(i.SetSysClock) for SetSysClock
    stm32f10x_gpio.o(i.GPIO_AFIODeInit) refers to stm32f10x_rcc.o(i.RCC_APB2PeriphResetCmd) for RCC_APB2PeriphResetCmd
    stm32f10x_gpio.o(i.GPIO_DeInit) refers to stm32f10x_rcc.o(i.RCC_APB2PeriphResetCmd) for RCC_APB2PeriphResetCmd
    stm32f10x_rcc.o(i.RCC_GetClocksFreq) refers to stm32f10x_rcc.o(.data) for APBAHBPrescTable
    stm32f10x_rcc.o(i.RCC_WaitForHSEStartUp) refers to stm32f10x_rcc.o(i.RCC_GetFlagStatus) for RCC_GetFlagStatus
    stm32f10x_spi.o(i.I2S_Init) refers to stm32f10x_rcc.o(i.RCC_GetClocksFreq) for RCC_GetClocksFreq
    stm32f10x_spi.o(i.SPI_I2S_DeInit) refers to stm32f10x_rcc.o(i.RCC_APB2PeriphResetCmd) for RCC_APB2PeriphResetCmd
    stm32f10x_spi.o(i.SPI_I2S_DeInit) refers to stm32f10x_rcc.o(i.RCC_APB1PeriphResetCmd) for RCC_APB1PeriphResetCmd
    stm32f10x_usart.o(i.USART_DeInit) refers to stm32f10x_rcc.o(i.RCC_APB2PeriphResetCmd) for RCC_APB2PeriphResetCmd
    stm32f10x_usart.o(i.USART_DeInit) refers to stm32f10x_rcc.o(i.RCC_APB1PeriphResetCmd) for RCC_APB1PeriphResetCmd
    stm32f10x_usart.o(i.USART_Init) refers to stm32f10x_rcc.o(i.RCC_GetClocksFreq) for RCC_GetClocksFreq
    stm32f10x_tim.o(i.TIM_DeInit) refers to stm32f10x_rcc.o(i.RCC_APB2PeriphResetCmd) for RCC_APB2PeriphResetCmd
    stm32f10x_tim.o(i.TIM_DeInit) refers to stm32f10x_rcc.o(i.RCC_APB1PeriphResetCmd) for RCC_APB1PeriphResetCmd
    stm32f10x_tim.o(i.TIM_ETRClockMode1Config) refers to stm32f10x_tim.o(i.TIM_ETRConfig) for TIM_ETRConfig
    stm32f10x_tim.o(i.TIM_ETRClockMode2Config) refers to stm32f10x_tim.o(i.TIM_ETRConfig) for TIM_ETRConfig
    stm32f10x_tim.o(i.TIM_ICInit) refers to stm32f10x_tim.o(i.TI1_Config) for TI1_Config
    stm32f10x_tim.o(i.TIM_ICInit) refers to stm32f10x_tim.o(i.TIM_SetIC1Prescaler) for TIM_SetIC1Prescaler
    stm32f10x_tim.o(i.TIM_ICInit) refers to stm32f10x_tim.o(i.TI2_Config) for TI2_Config
    stm32f10x_tim.o(i.TIM_ICInit) refers to stm32f10x_tim.o(i.TIM_SetIC2Prescaler) for TIM_SetIC2Prescaler
    stm32f10x_tim.o(i.TIM_ICInit) refers to stm32f10x_tim.o(i.TI3_Config) for TI3_Config
    stm32f10x_tim.o(i.TIM_ICInit) refers to stm32f10x_tim.o(i.TIM_SetIC3Prescaler) for TIM_SetIC3Prescaler
    stm32f10x_tim.o(i.TIM_ICInit) refers to stm32f10x_tim.o(i.TI4_Config) for TI4_Config
    stm32f10x_tim.o(i.TIM_ICInit) refers to stm32f10x_tim.o(i.TIM_SetIC4Prescaler) for TIM_SetIC4Prescaler
    stm32f10x_tim.o(i.TIM_ITRxExternalClockConfig) refers to stm32f10x_tim.o(i.TIM_SelectInputTrigger) for TIM_SelectInputTrigger
    stm32f10x_tim.o(i.TIM_PWMIConfig) refers to stm32f10x_tim.o(i.TI1_Config) for TI1_Config
    stm32f10x_tim.o(i.TIM_PWMIConfig) refers to stm32f10x_tim.o(i.TIM_SetIC1Prescaler) for TIM_SetIC1Prescaler
    stm32f10x_tim.o(i.TIM_PWMIConfig) refers to stm32f10x_tim.o(i.TI2_Config) for TI2_Config
    stm32f10x_tim.o(i.TIM_PWMIConfig) refers to stm32f10x_tim.o(i.TIM_SetIC2Prescaler) for TIM_SetIC2Prescaler
    stm32f10x_tim.o(i.TIM_TIxExternalClockConfig) refers to stm32f10x_tim.o(i.TI2_Config) for TI2_Config
    stm32f10x_tim.o(i.TIM_TIxExternalClockConfig) refers to stm32f10x_tim.o(i.TI1_Config) for TI1_Config
    stm32f10x_tim.o(i.TIM_TIxExternalClockConfig) refers to stm32f10x_tim.o(i.TIM_SelectInputTrigger) for TIM_SelectInputTrigger
    stm32f10x_adc.o(i.ADC_DeInit) refers to stm32f10x_rcc.o(i.RCC_APB2PeriphResetCmd) for RCC_APB2PeriphResetCmd
[...]
    ../clib/signal.c                         0x00000000   Number         0  __raise.o ABSOLUTE
    ../clib/signal.c                         0x00000000   Number         0  defsig_rtmem_inner.o ABSOLUTE
    ../clib/signal.c                         0x00000000   Number         0  defsig_rtmem_formal.o ABSOLUTE
    ../clib/signal.c                         0x00000000   Number         0  defsig_rtmem_outer.o ABSOLUTE
    ../clib/signal.c                         0x00000000   Number         0  defsig_other.o ABSOLUTE
    ../clib/signal.c                         0x00000000   Number         0  defsig_segv_inner.o ABSOLUTE
    ../clib/signal.c                         0x00000000   Number         0  defsig_cppl_inner.o ABSOLUTE
    ../clib/signal.c                         0x00000000   Number         0  defsig_pvfn_inner.o ABSOLUTE
    ../clib/signal.s                         0x00000000   Number         0  defsig.o ABSOLUTE
    ../clib/stdlib.c                         0x00000000   Number         0  exit.o ABSOLUTE
    ../fplib/fpinit.s                        0x00000000   Number         0  fpinit.o ABSOLUTE
    dc.s                                     0x00000000   Number         0  dc.o ABSOLUTE
    src\User_Control.c                       0x00000000   Number         0  user_control.o ABSOLUTE
    src\User_FLASH.c                         0x00000000   Number         0  user_flash.o ABSOLUTE
    src\User_GPIO.c                          0x00000000   Number         0  user_gpio.o ABSOLUTE
    src\User_TIM.c                           0x00000000   Number         0  user_tim.o ABSOLUTE
    src\User_USART2.c                        0x00000000   Number         0  user_usart2.o ABSOLUTE
    src\\core_cm3.c                          0x00000000   Number         0  core_cm3.o ABSOLUTE
    src\core_cm3.c                           0x00000000   Number         0  core_cm3.o ABSOLUTE
    src\delay.c                              0x00000000   Number         0  delay.o ABSOLUTE
    src\main.c                               0x00000000   Number         0  main.o ABSOLUTE
    src\misc.c                               0x00000000   Number         0  misc.o ABSOLUTE
    src\startup_stm32f10x_md.s               0x00000000   Number         0  startup_stm32f10x_md.o ABSOLUTE
    src\stm32f10x_adc.c                      0x00000000   Number         0  stm32f10x_adc.o ABSOLUTE
    src\stm32f10x_dma.c                      0x00000000   Number         0  stm32f10x_dma.o ABSOLUTE
    src\stm32f10x_flash.c                    0x00000000   Number         0  stm32f10x_flash.o ABSOLUTE
    src\stm32f10x_gpio.c                     0x00000000   Number         0  stm32f10x_gpio.o ABSOLUTE
    src\stm32f10x_iwdg.c                     0x00000000   Number         0  stm32f10x_iwdg.o ABSOLUTE
    src\stm32f10x_rcc.c                      0x00000000   Number         0  stm32f10x_rcc.o ABSOLUTE
    src\stm32f10x_spi.c                      0x00000000   Number         0  stm32f10x_spi.o ABSOLUTE
    src\stm32f10x_tim.c                      0x00000000   Number         0  stm32f10x_tim.o ABSOLUTE
    src\stm32f10x_usart.c                    0x00000000   Number         0  stm32f10x_usart.o ABSOLUTE
    src\system_stm32f10x.c                   0x00000000   Number         0  system_stm32f10x.o ABSOLUTE
    src\tm_stm32f10x_mfrc522.c               0x00000000   Number         0  tm_stm32f10x_mfrc522.o ABSOLUTE
    RESET                                    0x08000000   Section      236  startup_stm32f10x_md.o(RESET)
    !!!main                                  0x080000ec   Section        8  __main.o(!!!main)
    !!!scatter                               0x080000f4   Section       52  __scatter.o(!!!scatter)
    !!handler_copy                           0x08000128   Section       26  __scatter_copy.o(!!handler_copy)
    !!handler_zi                             0x08000144   Section       28  __scatter_zi.o(!!handler_zi)
    .ARM.Collect$$_printf_percent$$00000000  0x08000160   Section        0  _printf_percent.o(.ARM.Collect$$_printf_percent$$00000000)
    .ARM.Collect$$_printf_percent$$00000009  0x08000160   Section        6  _printf_d.o(.ARM.Collect$$_printf_percent$$00000009)
    .ARM.Collect$$_printf_percent$$0000000C  0x08000166   Section        6  _printf_x.o(.ARM.Collect$$_printf_percent$$0000000C)
    .ARM.Collect$$_printf_percent$$00000014  0x0800016c   Section        6  _printf_s.o(.ARM.Collect$$_printf_percent$$00000014)
    .ARM.Collect$$_printf_percent$$00000017  0x08000172   Section        4  _printf_percent_end.o(.ARM.Collect$$_printf_percent$$00000017)
    .ARM.Collect$$libinit$$00000000          0x08000176   Section        2  libinit.o(.ARM.Collect$$libinit$$00000000)
    .ARM.Collect$$libinit$$00000002          0x08000178   Section        0  libinit2.o(.ARM.Collect$$libinit$$00000002)
    .ARM.Collect$$libinit$$00000004          0x08000178   Section        0  libinit2.o(.ARM.Collect$$libinit$$00000004)
    .ARM.Collect$$libinit$$0000000A          0x08000178   Section        0  libinit2.o(.ARM.Collect$$libinit$$0000000A)
    .ARM.Collect$$libinit$$0000000C          0x08000178   Section        0  libinit2.o(.ARM.Collect$$libinit$$0000000C)
    .ARM.Collect$$libinit$$0000000E          0x08000178   Section        0  libinit2.o(.ARM.Collect$$libinit$$0000000E)
    .ARM.Collect$$libinit$$0000000F          0x08000178   Section        6  libinit2.o(.ARM.Collect$$libinit$$0000000F)
    .ARM.Collect$$libinit$$00000011          0x0800017e   Section        0  libinit2.o(.ARM.Collect$$libinit$$00000011)
    .ARM.Collect$$libinit$$00000012          0x0800017e   Section       12  libinit2.o(.ARM.Collect$$libinit$$00000012)
    .ARM.Collect$$libinit$$00000013          0x0800018a   Section        0  libinit2.o(.ARM.Collect$$libinit$$00000013)
    .ARM.Collect$$libinit$$00000015          0x0800018a   Section        0  libinit2.o(.ARM.Collect$$libinit$$00000015)
    .ARM.Collect$$libinit$$00000017          0x0800018a   Section        0  libinit2.o(.ARM.Collect$$libinit$$00000017)
    .ARM.Collect$$libinit$$00000019          0x0800018a   Section        0  libinit2.o(.ARM.Collect$$libinit$$00000019)
    .ARM.Collect$$libinit$$0000001B          0x0800018a   Section        0  libinit2.o(.ARM.Collect$$libinit$$0000001B)
    .ARM.Collect$$libinit$$0000001D          0x0800018a   Section        0  libinit2.o(.ARM.Collect$$libinit$$0000001D)
    .ARM.Collect$$libinit$$0000001F          0x0800018a   Section        0  libinit2.o(.ARM.Collect$$libinit$$0000001F)
    .ARM.Collect$$libinit$$00000021          0x0800018a   Section        0  libinit2.o(.ARM.Collect$$libinit$$00000021)
    .ARM.Collect$$libinit$$00000023          0x0800018a   Section        0  libinit2.o(.ARM.Collect$$libinit$$00000023)
    .ARM.Collect$$libinit$$00000025          0x0800018a   Section        0  libinit2.o(.ARM.Collect$$libinit$$00000025)
    .ARM.Collect$$libinit$$0000002C          0x0800018a   Section        0  libinit2.o(.ARM.Collect$$libinit$$0000002C)
    .ARM.Collect$$libinit$$0000002E          0x0800018a   Section        0  libinit2.o(.ARM.Collect$$libinit$$0000002E)
    .ARM.Collect$$libinit$$00000030          0x0800018a   Section        0  libinit2.o(.ARM.Collect$$libinit$$00000030)
    .ARM.Collect$$libinit$$00000032          0x0800018a   Section        0  libinit2.o(.ARM.Collect$$libinit$$00000032)
    .ARM.Collect$$libinit$$00000033          0x0800018a   Section        2  libinit2.o(.ARM.Collect$$libinit$$00000033)
    .ARM.Collect$$libshutdown$$00000000      0x0800018c   Section        2  libshutdown.o(.ARM.Collect$$libshutdown$$00000000)
    .ARM.Collect$$libshutdown$$00000002      0x0800018e   Section        0  libshutdown2.o(.ARM.Collect$$libshutdown$$00000002)
    .ARM.Collect$$libshutdown$$00000004      0x0800018e   Section        0  libshutdown2.o(.ARM.Collect$$libshutdown$$00000004)
    .ARM.Collect$$libshutdown$$00000007      0x0800018e   Section        0  libshutdown2.o(.ARM.Collect$$libshutdown$$00000007)
    .ARM.Collect$$libshutdown$$0000000A      0x0800018e   Section        0  libshutdown2.o(.ARM.Collect$$libshutdown$$0000000A)
    .ARM.Collect$$libshutdown$$0000000C      0x0800018e   Section        0  libshutdown2.o(.ARM.Collect$$libshutdown$$0000000C)
    .ARM.Collect$$libshutdown$$0000000F      0x0800018e   Section        0  libshutdown2.o(.ARM.Collect$$libshutdown$$0000000F)
    .ARM.Collect$$libshutdown$$00000010      0x0800018e   Section        2  libshutdown2.o(.ARM.Collect$$libshutdown$$00000010)
    .ARM.Collect$$rtentry$$00000000          0x08000190   Section        0  __rtentry.o(.ARM.Collect$$rtentry$$00000000)
    .ARM.Collect$$rtentry$$00000002          0x08000190   Section        0  __rtentry2.o(.ARM.Collect$$rtentry$$00000002)
    .ARM.Collect$$rtentry$$00000004          0x08000190   Section        6  __rtentry4.o(.ARM.Collect$$rtentry$$00000004)
    .ARM.Collect$$rtentry$$00000009          0x08000196   Section        0  __rtentry2.o(.ARM.Collect$$rtentry$$00000009)
    .ARM.Collect$$rtentry$$0000000A          0x08000196   Section        4  __rtentry2.o(.ARM.Collect$$rtentry$$0000000A)
    .ARM.Collect$$rtentry$$0000000C          0x0800019a   Section        0  __rtentry2.o(.ARM.Collect$$rtentry$$0000000C)
    .ARM.Collect$$rtentry$$0000000D          0x0800019a   Section        8  __rtentry2.o(.ARM.Collect$$rtentry$$0000000D)
    .ARM.Collect$$rtexit$$00000000           0x080001a2   Section        2  rtexit.o(.ARM.Collect$$rtexit$$00000000)
    .ARM.Collect$$rtexit$$00000002           0x080001a4   Section        0  rtexit2.o(.ARM.Collect$$rtexit$$00000002)
    .ARM.Collect$$rtexit$$00000003           0x080001a4   Section        4  rtexit2.o(.ARM.Collect$$rtexit$$00000003)
    .ARM.Collect$$rtexit$$00000004           0x080001a8   Section        6  rtexit2.o(.ARM.Collect$$rtexit$$00000004)
    .text                                    0x080001b0   Section       64  startup_stm32f10x_md.o(.text)
    .text                                    0x080001f0   Section        0  noretval__2sprintf.o(.text)
    .text                                    0x08000218   Section        0  _printf_pad.o(.text)
    .text                                    0x08000266   Section        0  _printf_str.o(.text)
    .text                                    0x080002b8   Section        0  _printf_dec.o(.text)
    .text                                    0x08000330   Section        0  _printf_hex_int.o(.text)
    .text                                    0x08000388   Section        0  __printf_flags_wp.o(.text)
    .text                                    0x080004c0   Section        0  atoi.o(.text)
    .text                                    0x080004dc   Section      128  strcmpv7m.o(.text)
    .text                                    0x0800055c   Section        0  heapauxi.o(.text)
    .text                                    0x08000564   Section        8  rt_errno_addr_intlibspace.o(.text)
    .text                                    0x0800056c   Section        0  _printf_intcommon.o(.text)
    .text                                    0x08000620   Section        0  _printf_char_common.o(.text)
    _printf_input_char                       0x08000621   Thumb Code    10  _printf_char_common.o(.text)
    .text                                    0x08000650   Section        0  _sputc.o(.text)
    .text                                    0x0800065a   Section        0  _printf_char.o(.text)
    .text                                    0x08000686   Section        0  strtol.o(.text)
    .text                                    0x080006f8   Section        8  libspace.o(.text)
    .text                                    0x08000700   Section       16  rt_ctype_table.o(.text)
    .text                                    0x08000710   Section        0  _strtoul.o(.text)
    .text                                    0x080007ae   Section       74  sys_stackheap_outer.o(.text)
    .text                                    0x080007f8   Section        8  rt_locale_intlibspace.o(.text)
    .text                                    0x08000800   Section        0  _chval.o(.text)
    .text                                    0x0800081c   Section        0  exit.o(.text)
    .text                                    0x08000830   Section        0  sys_exit.o(.text)
    .text                                    0x0800083c   Section        2  use_no_semi.o(.text)
    .text                                    0x0800083e   Section        0  indicate_semi.o(.text)
    i.Add_ID                                 0x08000840   Section        0  user_control.o(i.Add_ID)
    i.Add_MSSV                               0x08000948   Section        0  user_control.o(i.Add_MSSV)
    i.Add_Mem_Procedure                      0x08000a50   Section        0  user_control.o(i.Add_Mem_Procedure)
    i.Add_Name                               0x08000bc4   Section        0  user_control.o(i.Add_Name)
    i.Add_NewMem                             0x08000cdc   Section        0  user_control.o(i.Add_NewMem)
    i.ChangePass                             0x08000d64   Section        0  user_control.o(i.ChangePass)
    i.CheckAlert                             0x08000efc   Section        0  user_control.o(i.CheckAlert)
    i.CheckDoorStatus                        0x08000f74   Section        0  user_control.o(i.CheckDoorStatus)
    i.CheckScanedID                          0x08000f90   Section        0  user_control.o(i.CheckScanedID)
    i.CloseDoor                              0x08000fa8   Section        0  user_control.o(i.CloseDoor)
    i.ComparePassword                        0x08000ff8   Section        0  user_control.o(i.ComparePassword)
    i.CompareUintChar                        0x08001020   Section        0  user_control.o(i.CompareUintChar)
    i.ConvertCharToUint16                    0x08001044   Section        0  user_control.o(i.ConvertCharToUint16)
    i.ConvertUint8ToChar                     0x08001070   Section        0  user_control.o(i.ConvertUint8ToChar)
    i.DelayInit                              0x08001098   Section        0  delay.o(i.DelayInit)
    i.DelayMs                                0x08001100   Section        0  delay.o(i.DelayMs)
    i.DelayUs                                0x08001118   Section        0  delay.o(i.DelayUs)
    i.DisplayMenu                            0x0800112c   Section        0  user_control.o(i.DisplayMenu)
    i.Display_ID                             0x080011e4   Section        0  user_control.o(i.Display_ID)
    i.FLASH_ClearFlag                        0x080012d8   Section        0  stm32f10x_flash.o(i.FLASH_ClearFlag)
    i.FLASH_ErasePage                        0x080012e4   Section        0  stm32f10x_flash.o(i.FLASH_ErasePage)
    i.FLASH_GetBank1Status                   0x08001330   Section        0  stm32f10x_flash.o(i.FLASH_GetBank1Status)
    i.FLASH_Lock                             0x08001364   Section        0  stm32f10x_flash.o(i.FLASH_Lock)
    i.FLASH_ProgramHalfWord                  0x08001378   Section        0  stm32f10x_flash.o(i.FLASH_ProgramHalfWord)
    i.FLASH_Unlock                           0x080013b8   Section        0  stm32f10x_flash.o(i.FLASH_Unlock)
    i.FLASH_WaitForLastOperation             0x080013d0   Section        0  stm32f10x_flash.o(i.FLASH_WaitForLastOperation)
    i.GPIO_Init                              0x080013f6   Section        0  stm32f10x_gpio.o(i.GPIO_Init)
    i.GPIO_ReadInputDataBit                  0x0800150c   Section        0  stm32f10x_gpio.o(i.GPIO_ReadInputDataBit)
    i.IWDG_Enable                            0x08001520   Section        0  stm32f10x_iwdg.o(i.IWDG_Enable)
    i.IWDG_ReloadCounter                     0x08001530   Section        0  stm32f10x_iwdg.o(i.IWDG_ReloadCounter)
    i.IWDG_SetPrescaler                      0x08001540   Section        0  stm32f10x_iwdg.o(i.IWDG_SetPrescaler)
    i.IWDG_SetReload                         0x0800154c   Section        0  stm32f10x_iwdg.o(i.IWDG_SetReload)
    i.IWDG_WriteAccessCmd                    0x08001558   Section        0  stm32f10x_iwdg.o(i.IWDG_WriteAccessCmd)
    i.NVIC_Init                              0x08001564   Section        0  misc.o(i.NVIC_Init)
    i.OpenDoor                               0x080015d4   Section        0  user_control.o(i.OpenDoor)
    i.Pick_ID                                0x08001644   Section        0  user_control.o(i.Pick_ID)
    i.Pick_MSSV                              0x0800169c   Section        0  user_control.o(i.Pick_MSSV)
    i.Pick_Name                              0x080016ec   Section        0  user_control.o(i.Pick_Name)
    i.RCC_APB1PeriphClockCmd                 0x08001744   Section        0  stm32f10x_rcc.o(i.RCC_APB1PeriphClockCmd)
    i.RCC_APB2PeriphClockCmd                 0x08001764   Section        0  stm32f10x_rcc.o(i.RCC_APB2PeriphClockCmd)
    i.RCC_GetClocksFreq                      0x08001784   Section        0  stm32f10x_rcc.o(i.RCC_GetClocksFreq)
    i.Read_status                            0x08001858   Section        0  user_gpio.o(i.Read_status)
    i.Remove_ID                              0x08001868   Section        0  user_control.o(i.Remove_ID)
    i.Remove_MSSV                            0x08001958   Section        0  user_control.o(i.Remove_MSSV)
    i.Remove_Mem                             0x08001a38   Section        0  user_control.o(i.Remove_Mem)
    i.Remove_Mem_Procedure                   0x08001aa8   Section        0  user_control.o(i.Remove_Mem_Procedure)
    i.Remove_Name                            0x08001bb0   Section        0  user_control.o(i.Remove_Name)
    i.RequirePassword                        0x08001cac   Section        0  user_control.o(i.RequirePassword)
    i.ResetArr                               0x08001d44   Section        0  user_control.o(i.ResetArr)
    i.SC_bit                                 0x08001d58   Section        0  user_gpio.o(i.SC_bit)
    i.SPI2_ReadWrite                         0x08001d6c   Section        0  tm_stm32f10x_mfrc522.o(i.SPI2_ReadWrite)
    i.SPI_Cmd                                0x08001da4   Section        0  stm32f10x_spi.o(i.SPI_Cmd)
    i.SPI_I2S_GetFlagStatus                  0x08001dbc   Section        0  stm32f10x_spi.o(i.SPI_I2S_GetFlagStatus)
    i.SPI_I2S_ReceiveData                    0x08001dce   Section        0  stm32f10x_spi.o(i.SPI_I2S_ReceiveData)
    i.SPI_I2S_SendData                       0x08001dd4   Section        0  stm32f10x_spi.o(i.SPI_I2S_SendData)
    i.SPI_Init                               0x08001dd8   Section        0  stm32f10x_spi.o(i.SPI_Init)
    i.Search_ID                              0x08001e14   Section        0  user_control.o(i.Search_ID)
    i.SetSysClock                            0x08001e5c   Section        0  system_stm32f10x.o(i.SetSysClock)
    SetSysClock                              0x08001e5d   Thumb Code     8  system_stm32f10x.o(i.SetSysClock)
    i.SetSysClockTo72                        0x08001e64   Section        0  system_stm32f10x.o(i.SetSysClockTo72)
    SetSysClockTo72                          0x08001e65   Thumb Code   214  system_stm32f10x.o(i.SetSysClockTo72)
    i.SysTick_Handler                        0x08001f44   Section        0  delay.o(i.SysTick_Handler)
    i.SystemCoreClockUpdate                  0x08001f5c   Section        0  system_stm32f10x.o(i.SystemCoreClockUpdate)
    i.SystemInit                             0x08002000   Section        0  system_stm32f10x.o(i.SystemInit)
    i.TM_MFRC522_AntennaOn                   0x08002060   Section        0  tm_stm32f10x_mfrc522.o(i.TM_MFRC522_AntennaOn)
    i.TM_MFRC522_Anticoll                    0x0800207a   Section        0  tm_stm32f10x_mfrc522.o(i.TM_MFRC522_Anticoll)
    i.TM_MFRC522_CalculateCRC                0x080020c4   Section        0  tm_stm32f10x_mfrc522.o(i.TM_MFRC522_CalculateCRC)
    i.TM_MFRC522_Check                       0x08002128   Section        0  tm_stm32f10x_mfrc522.o(i.TM_MFRC522_Check)
    i.TM_MFRC522_ClearBitMask                0x08002148   Section        0  tm_stm32f10x_mfrc522.o(i.TM_MFRC522_ClearBitMask)
    i.TM_MFRC522_Halt                        0x08002162   Section        0  tm_stm32f10x_mfrc522.o(i.TM_MFRC522_Halt)
    i.TM_MFRC522_Init                        0x0800218e   Section        0  tm_stm32f10x_mfrc522.o(i.TM_MFRC522_Init)
    i.TM_MFRC522_InitPins                    0x080021d8   Section        0  tm_stm32f10x_mfrc522.o(i.TM_MFRC522_InitPins)
    i.TM_MFRC522_ReadRegister                0x08002280   Section        0  tm_stm32f10x_mfrc522.o(i.TM_MFRC522_ReadRegister)
    i.TM_MFRC522_Request                     0x080022b4   Section        0  tm_stm32f10x_mfrc522.o(i.TM_MFRC522_Request)
    i.TM_MFRC522_Reset                       0x080022e6   Section        0  tm_stm32f10x_mfrc522.o(i.TM_MFRC522_Reset)
    i.TM_MFRC522_SetBitMask                  0x080022f2   Section        0  tm_stm32f10x_mfrc522.o(i.TM_MFRC522_SetBitMask)
    i.TM_MFRC522_ToCard                      0x0800230c   Section        0  tm_stm32f10x_mfrc522.o(i.TM_MFRC522_ToCard)
    i.TM_MFRC522_WriteRegister               0x08002438   Section        0  tm_stm32f10x_mfrc522.o(i.TM_MFRC522_WriteRegister)
    i.TurnOneTouchMode                       0x08002468   Section        0  user_control.o(i.TurnOneTouchMode)
    i.Turn_buzz                              0x0800258c   Section        0  user_control.o(i.Turn_buzz)
    i.Turn_led_close                         0x080025b0   Section        0  user_control.o(i.Turn_led_close)
    i.Turn_led_open                          0x080025d4   Section        0  user_control.o(i.Turn_led_open)
    i.Turn_lock                              0x080025f8   Section        0  user_control.o(i.Turn_lock)
    i.USART2_IRQHandler                      0x0800261c   Section        0  user_control.o(i.USART2_IRQHandler)
    i.USART_Cmd                              0x080026f4   Section        0  stm32f10x_usart.o(i.USART_Cmd)
    i.USART_GetFlagStatus                    0x0800270c   Section        0  stm32f10x_usart.o(i.USART_GetFlagStatus)
    i.USART_GetITStatus                      0x08002726   Section        0  stm32f10x_usart.o(i.USART_GetITStatus)
    i.USART_ITConfig                         0x0800277a   Section        0  stm32f10x_usart.o(i.USART_ITConfig)
    i.USART_Init                             0x080027c4   Section        0  stm32f10x_usart.o(i.USART_Init)
    i.USART_ReceiveData                      0x0800289c   Section        0  stm32f10x_usart.o(i.USART_ReceiveData)
    i.USART_SendData                         0x080028a6   Section        0  stm32f10x_usart.o(i.USART_SendData)
    i.Updata_Data_From_PAGE0                 0x080028ae   Section        0  user_control.o(i.Updata_Data_From_PAGE0)
    i.Updata_EmerFlag                        0x080028c4   Section        0  user_control.o(i.Updata_EmerFlag)
    i.Updata_NbrID                           0x080028d8   Section        0  user_control.o(i.Updata_NbrID)
    i.Updata_OneTouchMode                    0x080028ec   Section        0  user_control.o(i.Updata_OneTouchMode)
    i.Updata_Password                        0x08002900   Section        0  user_control.o(i.Updata_Password)
    i.User_FLASH_Erase                       0x08002924   Section        0  user_flash.o(i.User_FLASH_Erase)
    i.User_FLASH_Read                        0x08002948   Section        0  user_flash.o(i.User_FLASH_Read)
    i.User_FLASH_Write                       0x0800295c   Section        0  user_flash.o(i.User_FLASH_Write)
    i.User_GPIO_Init                         0x08002984   Section        0  user_gpio.o(i.User_GPIO_Init)
    i.User_USART2_GPIO_Configuration         0x08002a18   Section        0  user_usart2.o(i.User_USART2_GPIO_Configuration)
    i.User_USART2_Init                       0x08002a50   Section        0  user_usart2.o(i.User_USART2_Init)
    i.User_USART2_NVIC_Configuration         0x08002a98   Section        0  user_usart2.o(i.User_USART2_NVIC_Configuration)
    i.User_USART2_RCC_Configuration          0x08002ab8   Section        0  user_usart2.o(i.User_USART2_RCC_Configuration)
    i.User_USART2_ReceiveChar                0x08002acc   Section        0  user_usart2.o(i.User_USART2_ReceiveChar)
    i.User_USART2_ReceiveString              0x08002adc   Section        0  user_usart2.o(i.User_USART2_ReceiveString)
    i.User_USART2_ReceiveString2             0x08002b78   Section        0  user_usart2.o(i.User_USART2_ReceiveString2)
    i.User_USART2_SendChar                   0x08002bf8   Section        0  user_usart2.o(i.User_USART2_SendChar)
    i.User_USART2_SendSchar                  0x08002c18   Section        0  user_usart2.o(i.User_USART2_SendSchar)
    i.Write_EmerFlag                         0x08002c32   Section        0  user_control.o(i.Write_EmerFlag)
    i.Write_NbrID                            0x08002c42   Section        0  user_control.o(i.Write_NbrID)
    i.Write_OneTouchMode                     0x08002c52   Section        0  user_control.o(i.Write_OneTouchMode)
    i.Write_Page0                            0x08002c62   Section        0  user_control.o(i.Write_Page0)
    i.Write_Password                         0x08002c90   Section        0  user_control.o(i.Write_Password)
    i._is_digit                              0x08002cc8   Section        0  __printf_wp.o(i._is_digit)
    i.main                                   0x08002cd8   Section        0  main.o(i.main)
    locale$$code                             0x08002f90   Section       44  lc_ctype_c.o(locale$$code)
    .constdata                               0x08002fbc   Section       40  _printf_hex_int.o(.constdata)
    uc_hextab                                0x08002fbc   Data          20  _printf_hex_int.o(.constdata)
    lc_hextab                                0x08002fd0   Data          20  _printf_hex_int.o(.constdata)
    .constdata                               0x08002fe4   Section       17  __printf_flags_wp.o(.constdata)
    maptable                                 0x08002fe4   Data          17  __printf_flags_wp.o(.constdata)
    locale$$data                             0x08003018   Section      272  lc_ctype_c.o(locale$$data)
    __lcctype_c_name                         0x0800301c   Data           2  lc_ctype_c.o(locale$$data)
    __lcctype_c_start                        0x08003024   Data           0  lc_ctype_c.o(locale$$data)
    __lcctype_c_end                          0x08003128   Data           0  lc_ctype_c.o(locale$$data)
    .data                                    0x20000000   Section       20  system_stm32f10x.o(.data)
    .data                                    0x20000014   Section       20  stm32f10x_rcc.o(.data)
    APBAHBPrescTable                         0x20000014   Data          16  stm32f10x_rcc.o(.data)
    ADCPrescTable                            0x20000024   Data           4  stm32f10x_rcc.o(.data)
    .data                                    0x20000028   Section        4  delay.o(.data)
    usTicks                                  0x20000028   Data           4  delay.o(.data)
    .data                                    0x2000002c   Section        4  user_flash.o(.data)
    startAddress                             0x2000002c   Data           4  user_flash.o(.data)
    .data                                    0x20000030   Section        4  user_gpio.o(.data)
    GPIO_InitStructure                       0x20000030   Data           4  user_gpio.o(.data)
    .data                                    0x20000034   Section       33  user_control.o(.data)
    startAddress                             0x20000034   Data           4  user_control.o(.data)
    GPIO_InitStructure                       0x20000038   Data           4  user_control.o(.data)
    TempID                                   0x20000050   Data           5  user_control.o(.data)
    .bss                                     0x20000058   Section      508  user_control.o(.bss)
    temp                                     0x20000190   Data          62  user_control.o(.bss)
    temp                                     0x200001ce   Data          31  user_control.o(.bss)
    temp                                     0x200001ed   Data          31  user_control.o(.bss)
    temp                                     0x2000020c   Data          31  user_control.o(.bss)
    temp                                     0x2000022b   Data          31  user_control.o(.bss)
    TempName                                 0x2000024a   Data          10  user_control.o(.bss)
    .bss                                     0x20000254   Section       16  user_usart2.o(.bss)
    .bss                                     0x20000264   Section       96  libspace.o(.bss)
    HEAP                                     0x200002c8   Section      512  startup_stm32f10x_md.o(HEAP)
    Heap_Mem                                 0x200002c8   Data         512  startup_stm32f10x_md.o(HEAP)
    STACK                                    0x200004c8   Section     1024  startup_stm32f10x_md.o(STACK)
    Stack_Mem                                0x200004c8   Data        1024  startup_stm32f10x_md.o(STACK)
    __initial_sp                             0x200008c8   Data           0  startup_stm32f10x_md.o(STACK)

    Global Symbols

    Symbol Name                              Value     Ov Type        Size  Object(Section)

    BuildAttributes$$THM_ISAv4$P$D$K$B$S$PE$A:L22UL41UL21$X:L11$S22US41US21$IEEE1$IW$USESV6$~STKCKD$USESV7$~SHL$OSPACE$ROPI$EBA8$UX$STANDARDLIB$REQ8$PRES8$EABIv2 0x00000000   Number         0  anon$$obj.o ABSOLUTE
    __ARM_use_no_argv                        0x00000000   Number         0  main.o ABSOLUTE
    _printf_flags                            0x00000000   Number         0  printf_stubs.o ABSOLUTE
    _printf_return_value                     0x00000000   Number         0  printf_stubs.o ABSOLUTE
    _printf_sizespec                         0x00000000   Number         0  printf_stubs.o ABSOLUTE
    _printf_widthprec                        0x00000000   Number         0  printf_stubs.o ABSOLUTE
    __ARM_exceptions_init                     - Undefined Weak Reference
    __alloca_initialize                       - Undefined Weak Reference
    __arm_preinit_                            - Undefined Weak Reference
    __cpp_initialize__aeabi_                  - Undefined Weak Reference
    __cxa_finalize                            - Undefined Weak Reference
    __sigvec_lookup                           - Undefined Weak Reference
    _atexit_init                              - Undefined Weak Reference
    _call_atexit_fns                          - Undefined Weak Reference
    _clock_init                               - Undefined Weak Reference
    _fp_trap_init                             - Undefined Weak Reference
    _fp_trap_shutdown                         - Undefined Weak Reference
    _get_lc_collate                           - Undefined Weak Reference
    _get_lc_monetary                          - Undefined Weak Reference
    _get_lc_numeric                           - Undefined Weak Reference
    _get_lc_time                              - Undefined Weak Reference
    _getenv_init                              - Undefined Weak Reference
    _handle_redirection                       - Undefined Weak Reference
    _init_alloc                               - Undefined Weak Reference
    _init_user_alloc                          - Undefined Weak Reference
    _initio                                   - Undefined Weak Reference
    _printf_mbtowc                            - Undefined Weak Reference
    _printf_truncate_signed                   - Undefined Weak Reference
    _printf_truncate_unsigned                 - Undefined Weak Reference
    _rand_init                                - Undefined Weak Reference
    _signal_finish                            - Undefined Weak Reference
    _signal_init                              - Undefined Weak Reference
    _terminate_alloc                          - Undefined Weak Reference
    _terminate_user_alloc                     - Undefined Weak Reference
    _terminateio                              - Undefined Weak Reference
    __Vectors_Size                           0x000000ec   Number         0  startup_stm32f10x_md.o ABSOLUTE
    __Vectors                                0x08000000   Data           4  startup_stm32f10x_md.o(RESET)
    __Vectors_End                            0x080000ec   Data           0  startup_stm32f10x_md.o(RESET)
    __main                                   0x080000ed   Thumb Code     8  __main.o(!!!main)
    __scatterload                            0x080000f5   Thumb Code     0  __scatter.o(!!!scatter)
    __scatterload_rt2                        0x080000f5   Thumb Code    44  __scatter.o(!!!scatter)
    __scatterload_rt2_thumb_only             0x080000f5   Thumb Code     0  __scatter.o(!!!scatter)
    __scatterload_null                       0x08000103   Thumb Code     0  __scatter.o(!!!scatter)
    __scatterload_copy                       0x08000129   Thumb Code    26  __scatter_copy.o(!!handler_copy)
    __scatterload_zeroinit                   0x08000145   Thumb Code    28  __scatter_zi.o(!!handler_zi)
    _printf_d                                0x08000161   Thumb Code     0  _printf_d.o(.ARM.Collect$$_printf_percent$$00000009)
    _printf_percent                          0x08000161   Thumb Code     0  _printf_percent.o(.ARM.Collect$$_printf_percent$$00000000)
    _printf_x                                0x08000167   Thumb Code     0  _printf_x.o(.ARM.Collect$$_printf_percent$$0000000C)
    _printf_s                                0x0800016d   Thumb Code     0  _printf_s.o(.ARM.Collect$$_printf_percent$$00000014)
    _printf_percent_end                      0x08000173   Thumb Code     0  _printf_percent_end.o(.ARM.Collect$$_printf_percent$$00000017)
    __rt_lib_init                            0x08000177   Thumb Code     0  libinit.o(.ARM.Collect$$libinit$$00000000)
    __rt_lib_init_fp_1                       0x08000179   Thumb Code     0  libinit2.o(.ARM.Collect$$libinit$$00000002)
    __rt_lib_init_heap_1                     0x08000179   Thumb Code     0  libinit2.o(.ARM.Collect$$libinit$$0000000A)
    __rt_lib_init_lc_common                  0x08000179   Thumb Code     0  libinit2.o(.ARM.Collect$$libinit$$0000000F)
    __rt_lib_init_preinit_1                  0x08000179   Thumb Code     0  libinit2.o(.ARM.Collect$$libinit$$00000004)
    __rt_lib_init_rand_1                     0x08000179   Thumb Code     0  libinit2.o(.ARM.Collect$$libinit$$0000000E)
    __rt_lib_init_user_alloc_1               0x08000179   Thumb Code     0  libinit2.o(.ARM.Collect$$libinit$$0000000C)
    __rt_lib_init_lc_collate_1               0x0800017f   Thumb Code     0  libinit2.o(.ARM.Collect$$libinit$$00000011)
    __rt_lib_init_lc_ctype_2                 0x0800017f   Thumb Code     0  libinit2.o(.ARM.Collect$$libinit$$00000012)
    __rt_lib_init_alloca_1                   0x0800018b   Thumb Code     0  libinit2.o(.ARM.Collect$$libinit$$0000002E)
    __rt_lib_init_argv_1                     0x0800018b   Thumb Code     0  libinit2.o(.ARM.Collect$$libinit$$0000002C)
    __rt_lib_init_atexit_1                   0x0800018b   Thumb Code     0  libinit2.o(.ARM.Collect$$libinit$$0000001B)
    __rt_lib_init_clock_1                    0x0800018b   Thumb Code     0  libinit2.o(.ARM.Collect$$libinit$$00000021)
    __rt_lib_init_cpp_1                      0x0800018b   Thumb Code     0  libinit2.o(.ARM.Collect$$libinit$$00000032)
    __rt_lib_init_exceptions_1               0x0800018b   Thumb Code     0  libinit2.o(.ARM.Collect$$libinit$$00000030)
    __rt_lib_init_fp_trap_1                  0x0800018b   Thumb Code     0  libinit2.o(.ARM.Collect$$libinit$$0000001F)
    __rt_lib_init_getenv_1                   0x0800018b   Thumb Code     0  libinit2.o(.ARM.Collect$$libinit$$00000023)
    __rt_lib_init_lc_ctype_1                 0x0800018b   Thumb Code     0  libinit2.o(.ARM.Collect$$libinit$$00000013)
    __rt_lib_init_lc_monetary_1              0x0800018b   Thumb Code     0  libinit2.o(.ARM.Collect$$libinit$$00000015)
    __rt_lib_init_lc_numeric_1               0x0800018b   Thumb Code     0  libinit2.o(.ARM.Collect$$libinit$$00000017)
    __rt_lib_init_lc_time_1                  0x0800018b   Thumb Code     0  libinit2.o(.ARM.Collect$$libinit$$00000019)
    __rt_lib_init_return                     0x0800018b   Thumb Code     0  libinit2.o(.ARM.Collect$$libinit$$00000033)
    __rt_lib_init_signal_1                   0x0800018b   Thumb Code     0  libinit2.o(.ARM.Collect$$libinit$$0000001D)
    __rt_lib_init_stdio_1                    0x0800018b   Thumb Code     0  libinit2.o(.ARM.Collect$$libinit$$00000025)
    __rt_lib_shutdown                        0x0800018d   Thumb Code     0  libshutdown.o(.ARM.Collect$$libshutdown$$00000000)
    __rt_lib_shutdown_cpp_1                  0x0800018f   Thumb Code     0  libshutdown2.o(.ARM.Collect$$libshutdown$$00000002)
    __rt_lib_shutdown_fp_trap_1              0x0800018f   Thumb Code     0  libshutdown2.o(.ARM.Collect$$libshutdown$$00000007)
    __rt_lib_shutdown_heap_1                 0x0800018f   Thumb Code     0  libshutdown2.o(.ARM.Collect$$libshutdown$$0000000F)
    __rt_lib_shutdown_return                 0x0800018f   Thumb Code     0  libshutdown2.o(.ARM.Collect$$libshutdown$$00000010)
    __rt_lib_shutdown_signal_1               0x0800018f   Thumb Code     0  libshutdown2.o(.ARM.Collect$$libshutdown$$0000000A)
    __rt_lib_shutdown_stdio_1                0x0800018f   Thumb Code     0  libshutdown2.o(.ARM.Collect$$libshutdown$$00000004)
    __rt_lib_shutdown_user_alloc_1           0x0800018f   Thumb Code     0  libshutdown2.o(.ARM.Collect$$libshutdown$$0000000C)
    __rt_entry                               0x08000191   Thumb Code     0  __rtentry.o(.ARM.Collect$$rtentry$$00000000)
    __rt_entry_presh_1                       0x08000191   Thumb Code     0  __rtentry2.o(.ARM.Collect$$rtentry$$00000002)
    __rt_entry_sh                            0x08000191   Thumb Code     0  __rtentry4.o(.ARM.Collect$$rtentry$$00000004)
    __rt_entry_li                            0x08000197   Thumb Code     0  __rtentry2.o(.ARM.Collect$$rtentry$$0000000A)
    __rt_entry_postsh_1                      0x08000197   Thumb Code     0  __rtentry2.o(.ARM.Collect$$rtentry$$00000009)
    __rt_entry_main                          0x0800019b   Thumb Code     0  __rtentry2.o(.ARM.Collect$$rtentry$$0000000D)
    __rt_entry_postli_1                      0x0800019b   Thumb Code     0  __rtentry2.o(.ARM.Collect$$rtentry$$0000000C)
    __rt_exit                                0x080001a3   Thumb Code     0  rtexit.o(.ARM.Collect$$rtexit$$00000000)
    __rt_exit_ls                             0x080001a5   Thumb Code     0  rtexit2.o(.ARM.Collect$$rtexit$$00000003)
    __rt_exit_prels_1                        0x080001a5   Thumb Code     0  rtexit2.o(.ARM.Collect$$rtexit$$00000002)
    __rt_exit_exit                           0x080001a9   Thumb Code     0  rtexit2.o(.ARM.Collect$$rtexit$$00000004)
    Reset_Handler                            0x080001b1   Thumb Code     8  startup_stm32f10x_md.o(.text)
    NMI_Handler                              0x080001b9   Thumb Code     2  startup_stm32f10x_md.o(.text)
    HardFault_Handler                        0x080001bb   Thumb Code     2  startup_stm32f10x_md.o(.text)
    MemManage_Handler                        0x080001bd   Thumb Code     2  startup_stm32f10x_md.o(.text)
    BusFault_Handler                         0x080001bf   Thumb Code     2  startup_stm32f10x_md.o(.text)
    UsageFault_Handler                       0x080001c1   Thumb Code     2  startup_stm32f10x_md.o(.text)
    SVC_Handler                              0x080001c3   Thumb Code     2  startup_stm32f10x_md.o(.text)
    DebugMon_Handler                         0x080001c5   Thumb Code     2  startup_stm32f10x_md.o(.text)
    PendSV_Handler                           0x080001c7   Thumb Code     2  startup_stm32f10x_md.o(.text)
    ADC1_2_IRQHandler                        0x080001cb   Thumb Code     0  startup_stm32f10x_md.o(.text)
    CAN1_RX1_IRQHandler                      0x080001cb   Thumb Code     0  startup_stm32f10x_md.o(.text)
    CAN1_SCE_IRQHandler                      0x080001cb   Thumb Code     0  startup_stm32f10x_md.o(.text)
    DMA1_Channel1_IRQHandler                 0x080001cb   Thumb Code     0  startup_stm32f10x_md.o(.text)
    DMA1_Channel2_IRQHandler                 0x080001cb   Thumb Code     0  startup_stm32f10x_md.o(.text)
    DMA1_Channel3_IRQHandler                 0x080001cb   Thumb Code     0  startup_stm32f10x_md.o(.text)
    DMA1_Channel4_IRQHandler                 0x080001cb   Thumb Code     0  startup_stm32f10x_md.o(.text)
    DMA1_Channel5_IRQHandler                 0x080001cb   Thumb Code     0  startup_stm32f10x_md.o(.text)
    DMA1_Channel6_IRQHandler                 0x080001cb   Thumb Code     0  startup_stm32f10x_md.o(.text)
    DMA1_Channel7_IRQHandler                 0x080001cb   Thumb Code     0  startup_stm32f10x_md.o(.text)
    EXTI0_IRQHandler                         0x080001cb   Thumb Code     0  startup_stm32f10x_md.o(.text)
    EXTI15_10_IRQHandler                     0x080001cb   Thumb Code     0  startup_stm32f10x_md.o(.text)
    EXTI1_IRQHandler                         0x080001cb   Thumb Code     0  startup_stm32f10x_md.o(.text)
    EXTI2_IRQHandler                         0x080001cb   Thumb Code     0  startup_stm32f10x_md.o(.text)
    EXTI3_IRQHandler                         0x080001cb   Thumb Code     0  startup_stm32f10x_md.o(.text)
    EXTI4_IRQHandler                         0x080001cb   Thumb Code     0  startup_stm32f10x_md.o(.text)
    EXTI9_5_IRQHandler                       0x080001cb   Thumb Code     0  startup_stm32f10x_md.o(.text)
    FLASH_IRQHandler                         0x080001cb   Thumb Code     0  startup_stm32f10x_md.o(.text)
    I2C1_ER_IRQHandler                       0x080001cb   Thumb Code     0  startup_stm32f10x_md.o(.text)
    I2C1_EV_IRQHandler                       0x080001cb   Thumb Code     0  startup_stm32f10x_md.o(.text)
    I2C2_ER_IRQHandler                       0x080001cb   Thumb Code     0  startup_stm32f10x_md.o(.text)
    I2C2_EV_IRQHandler                       0x080001cb   Thumb Code     0  startup_stm32f10x_md.o(.text)
    PVD_IRQHandler                           0x080001cb   Thumb Code     0  startup_stm32f10x_md.o(.text)
    RCC_IRQHandler                           0x080001cb   Thumb Code     0  startup_stm32f10x_md.o(.text)
    RTCAlarm_IRQHandler                      0x080001cb   Thumb Code     0  startup_stm32f10x_md.o(.text)
    RTC_IRQHandler                           0x080001cb   Thumb Code     0  startup_stm32f10x_md.o(.text)
    SPI1_IRQHandler                          0x080001cb   Thumb Code     0  startup_stm32f10x_md.o(.text)
    SPI2_IRQHandler                          0x080001cb   Thumb Code     0  startup_stm32f10x_md.o(.text)
    TAMPER_IRQHandler                        0x080001cb   Thumb Code     0  startup_stm32f10x_md.o(.text)
    TIM1_BRK_IRQHandler                      0x080001cb   Thumb Code     0  startup_stm32f10x_md.o(.text)
    TIM1_CC_IRQHandler                       0x080001cb   Thumb Code     0  startup_stm32f10x_md.o(.text)
    TIM1_TRG_COM_IRQHandler                  0x080001cb   Thumb Code     0  startup_stm32f10x_md.o(.text)
    TIM1_UP_IRQHandler                       0x080001cb   Thumb Code     0  startup_stm32f10x_md.o(.text)
    TIM2_IRQHandler                          0x080001cb   Thumb Code     0  startup_stm32f10x_md.o(.text)
    TIM3_IRQHandler                          0x080001cb   Thumb Code     0  startup_stm32f10x_md.o(.text)
    TIM4_IRQHandler                          0x080001cb   Thumb Code     0  startup_stm32f10x_md.o(.text)
    USART1_IRQHandler                        0x080001cb   Thumb Code     0  startup_stm32f10x_md.o(.text)
    USART3_IRQHandler                        0x080001cb   Thumb Code     0  startup_stm32f10x_md.o(.text)
    USBWakeUp_IRQHandler                     0x080001cb   Thumb Code     0  startup_stm32f10x_md.o(.text)
    USB_HP_CAN1_TX_IRQHandler                0x080001cb   Thumb Code     0  startup_stm32f10x_md.o(.text)
    USB_LP_CAN1_RX0_IRQHandler               0x080001cb   Thumb Code     0  startup_stm32f10x_md.o(.text)
    WWDG_IRQHandler                          0x080001cb   Thumb Code     0  startup_stm32f10x_md.o(.text)
    __user_initial_stackheap                 0x080001cd   Thumb Code     0  startup_stm32f10x_md.o(.text)
    __2sprintf                               0x080001f1   Thumb Code    34  noretval__2sprintf.o(.text)
    _printf_pre_padding                      0x08000219   Thumb Code    44  _printf_pad.o(.text)
    _printf_post_padding                     0x08000245   Thumb Code    34  _printf_pad.o(.text)
    _printf_str                              0x08000267   Thumb Code    82  _printf_str.o(.text)
    _printf_int_dec                          0x080002b9   Thumb Code   104  _printf_dec.o(.text)
    _printf_int_hex                          0x08000331   Thumb Code    84  _printf_hex_int.o(.text)
    _printf_longlong_hex                     0x08000331   Thumb Code     0  _printf_hex_int.o(.text)
    __printf                                 0x08000389   Thumb Code   308  __printf_flags_wp.o(.text)
    atoi                                     0x080004c1   Thumb Code    26  atoi.o(.text)
    strcmp                                   0x080004dd   Thumb Code   128  strcmpv7m.o(.text)
    __use_two_region_memory                  0x0800055d   Thumb Code     2  heapauxi.o(.text)
    __rt_heap_escrow$2region                 0x0800055f   Thumb Code     2  heapauxi.o(.text)
    __rt_heap_expand$2region                 0x08000561   Thumb Code     2  heapauxi.o(.text)
    __aeabi_errno_addr                       0x08000565   Thumb Code     8  rt_errno_addr_intlibspace.o(.text)
    __errno$intlibspace                      0x08000565   Thumb Code     0  rt_errno_addr_intlibspace.o(.text)
    __rt_errno_addr$intlibspace              0x08000565   Thumb Code     0  rt_errno_addr_intlibspace.o(.text)
    _printf_int_common                       0x0800056d   Thumb Code   178  _printf_intcommon.o(.text)
    _printf_char_common                      0x0800062b   Thumb Code    32  _printf_char_common.o(.text)
    _sputc                                   0x08000651   Thumb Code    10  _sputc.o(.text)
    _printf_cs_common                        0x0800065b   Thumb Code    20  _printf_char.o(.text)
    _printf_char                             0x0800066f   Thumb Code    16  _printf_char.o(.text)
    _printf_string                           0x0800067f   Thumb Code     8  _printf_char.o(.text)
    strtol                                   0x08000687   Thumb Code   112  strtol.o(.text)
    __user_libspace                          0x080006f9   Thumb Code     8  libspace.o(.text)
    __user_perproc_libspace                  0x080006f9   Thumb Code     0  libspace.o(.text)
    __user_perthread_libspace                0x080006f9   Thumb Code     0  libspace.o(.text)
    __rt_ctype_table                         0x08000701   Thumb Code    16  rt_ctype_table.o(.text)
    _strtoul                                 0x08000711   Thumb Code   158  _strtoul.o(.text)
    __user_setup_stackheap                   0x080007af   Thumb Code    74  sys_stackheap_outer.o(.text)
    __rt_locale                              0x080007f9   Thumb Code     8  rt_locale_intlibspace.o(.text)
    _chval                                   0x08000801   Thumb Code    28  _chval.o(.text)
    exit                                     0x0800081d   Thumb Code    18  exit.o(.text)
    _sys_exit                                0x08000831   Thumb Code     8  sys_exit.o(.text)
    __I$use$semihosting                      0x0800083d   Thumb Code     0  use_no_semi.o(.text)
    __use_no_semihosting_swi                 0x0800083d   Thumb Code     2  use_no_semi.o(.text)
    __semihosting_library_function           0x0800083f   Thumb Code     0  indicate_semi.o(.text)
    Add_ID                                   0x08000841   Thumb Code   220  user_control.o(i.Add_ID)
    Add_MSSV                                 0x08000949   Thumb Code   214  user_control.o(i.Add_MSSV)
    Add_Mem_Procedure                        0x08000a51   Thumb Code   174  user_control.o(i.Add_Mem_Procedure)
    Add_Name                                 0x08000bc5   Thumb Code   230  user_control.o(i.Add_Name)
    Add_NewMem                               0x08000cdd   Thumb Code    74  user_control.o(i.Add_NewMem)
    ChangePass                               0x08000d65   Thumb Code   142  user_control.o(i.ChangePass)
    CheckAlert                               0x08000efd   Thumb Code   100  user_control.o(i.CheckAlert)
    CheckDoorStatus                          0x08000f75   Thumb Code    22  user_control.o(i.CheckDoorStatus)
    CheckScanedID                            0x08000f91   Thumb Code    22  user_control.o(i.CheckScanedID)
    CloseDoor                                0x08000fa9   Thumb Code    64  user_control.o(i.CloseDoor)
    ComparePassword                          0x08000ff9   Thumb Code    34  user_control.o(i.ComparePassword)
    CompareUintChar                          0x08001021   Thumb Code    36  user_control.o(i.CompareUintChar)
    ConvertCharToUint16                      0x08001045   Thumb Code    38  user_control.o(i.ConvertCharToUint16)
    ConvertUint8ToChar                       0x08001071   Thumb Code    36  user_control.o(i.ConvertUint8ToChar)
    DelayInit                                0x08001099   Thumb Code    86  delay.o(i.DelayInit)
    DelayMs                                  0x08001101   Thumb Code    24  delay.o(i.DelayMs)
    DelayUs                                  0x08001119   Thumb Code    16  delay.o(i.DelayUs)
    DisplayMenu                              0x0800112d   Thumb Code    46  user_control.o(i.DisplayMenu)
    Display_ID                               0x080011e5   Thumb Code   140  user_control.o(i.Display_ID)
    FLASH_ClearFlag                          0x080012d9   Thumb Code     6  stm32f10x_flash.o(i.FLASH_ClearFlag)
    FLASH_ErasePage                          0x080012e5   Thumb Code    72  stm32f10x_flash.o(i.FLASH_ErasePage)
    FLASH_GetBank1Status                     0x08001331   Thumb Code    48  stm32f10x_flash.o(i.FLASH_GetBank1Status)
    FLASH_Lock                               0x08001365   Thumb Code    14  stm32f10x_flash.o(i.FLASH_Lock)
    FLASH_ProgramHalfWord                    0x08001379   Thumb Code    60  stm32f10x_flash.o(i.FLASH_ProgramHalfWord)
    FLASH_Unlock                             0x080013b9   Thumb Code    12  stm32f10x_flash.o(i.FLASH_Unlock)
    FLASH_WaitForLastOperation               0x080013d1   Thumb Code    38  stm32f10x_flash.o(i.FLASH_WaitForLastOperation)
    GPIO_Init                                0x080013f7   Thumb Code   278  stm32f10x_gpio.o(i.GPIO_Init)
    GPIO_ReadInputDataBit                    0x0800150d   Thumb Code    18  stm32f10x_gpio.o(i.GPIO_ReadInputDataBit)
    IWDG_Enable                              0x08001521   Thumb Code    10  stm32f10x_iwdg.o(i.IWDG_Enable)
    IWDG_ReloadCounter                       0x08001531   Thumb Code    10  stm32f10x_iwdg.o(i.IWDG_ReloadCounter)
    IWDG_SetPrescaler                        0x08001541   Thumb Code     6  stm32f10x_iwdg.o(i.IWDG_SetPrescaler)
    IWDG_SetReload                           0x0800154d   Thumb Code     6  stm32f10x_iwdg.o(i.IWDG_SetReload)
    IWDG_WriteAccessCmd                      0x08001559   Thumb Code     6  stm32f10x_iwdg.o(i.IWDG_WriteAccessCmd)
    NVIC_Init                                0x08001565   Thumb Code   100  misc.o(i.NVIC_Init)
    OpenDoor                                 0x080015d5   Thumb Code    92  user_control.o(i.OpenDoor)
    Pick_ID                                  0x08001645   Thumb Code    54  user_control.o(i.Pick_ID)
    Pick_MSSV                                0x0800169d   Thumb Code    50  user_control.o(i.Pick_MSSV)
    Pick_Name                                0x080016ed   Thumb Code    56  user_control.o(i.Pick_Name)
    RCC_APB1PeriphClockCmd                   0x08001745   Thumb Code    26  stm32f10x_rcc.o(i.RCC_APB1PeriphClockCmd)
    RCC_APB2PeriphClockCmd                   0x08001765   Thumb Code    26  stm32f10x_rcc.o(i.RCC_APB2PeriphClockCmd)
    RCC_GetClocksFreq                        0x08001785   Thumb Code   192  stm32f10x_rcc.o(i.RCC_GetClocksFreq)
    Read_status                              0x08001859   Thumb Code    16  user_gpio.o(i.Read_status)
    Remove_ID                                0x08001869   Thumb Code   234  user_control.o(i.Remove_ID)
    Remove_MSSV                              0x08001959   Thumb Code   220  user_control.o(i.Remove_MSSV)
    Remove_Mem                               0x08001a39   Thumb Code    70  user_control.o(i.Remove_Mem)
    Remove_Mem_Procedure                     0x08001aa9   Thumb Code   124  user_control.o(i.Remove_Mem_Procedure)
    Remove_Name                              0x08001bb1   Thumb Code   248  user_control.o(i.Remove_Name)
    RequirePassword                          0x08001cad   Thumb Code    62  user_control.o(i.RequirePassword)
    ResetArr                                 0x08001d45   Thumb Code    20  user_control.o(i.ResetArr)
    SC_bit                                   0x08001d59   Thumb Code    18  user_gpio.o(i.SC_bit)
    SPI2_ReadWrite                           0x08001d6d   Thumb Code    50  tm_stm32f10x_mfrc522.o(i.SPI2_ReadWrite)
    SPI_Cmd                                  0x08001da5   Thumb Code    24  stm32f10x_spi.o(i.SPI_Cmd)
    SPI_I2S_GetFlagStatus                    0x08001dbd   Thumb Code    18  stm32f10x_spi.o(i.SPI_I2S_GetFlagStatus)
    SPI_I2S_ReceiveData                      0x08001dcf   Thumb Code     6  stm32f10x_spi.o(i.SPI_I2S_ReceiveData)
    SPI_I2S_SendData                         0x08001dd5   Thumb Code     4  stm32f10x_spi.o(i.SPI_I2S_SendData)
    SPI_Init                                 0x08001dd9   Thumb Code    60  stm32f10x_spi.o(i.SPI_Init)
    Search_ID                                0x08001e15   Thumb Code    68  user_control.o(i.Search_ID)
    SysTick_Handler                          0x08001f45   Thumb Code    18  delay.o(i.SysTick_Handler)
    SystemCoreClockUpdate                    0x08001f5d   Thumb Code   142  system_stm32f10x.o(i.SystemCoreClockUpdate)
    SystemInit                               0x08002001   Thumb Code    78  system_stm32f10x.o(i.SystemInit)
    TM_MFRC522_AntennaOn                     0x08002061   Thumb Code    26  tm_stm32f10x_mfrc522.o(i.TM_MFRC522_AntennaOn)
    TM_MFRC522_Anticoll                      0x0800207b   Thumb Code    74  tm_stm32f10x_mfrc522.o(i.TM_MFRC522_Anticoll)
    TM_MFRC522_CalculateCRC                  0x080020c5   Thumb Code   100  tm_stm32f10x_mfrc522.o(i.TM_MFRC522_CalculateCRC)
    TM_MFRC522_Check                         0x08002129   Thumb Code    32  tm_stm32f10x_mfrc522.o(i.TM_MFRC522_Check)
    TM_MFRC522_ClearBitMask                  0x08002149   Thumb Code    26  tm_stm32f10x_mfrc522.o(i.TM_MFRC522_ClearBitMask)
    TM_MFRC522_Halt                          0x08002163   Thumb Code    44  tm_stm32f10x_mfrc522.o(i.TM_MFRC522_Halt)
    TM_MFRC522_Init                          0x0800218f   Thumb Code    72  tm_stm32f10x_mfrc522.o(i.TM_MFRC522_Init)
    TM_MFRC522_InitPins                      0x080021d9   Thumb Code   158  tm_stm32f10x_mfrc522.o(i.TM_MFRC522_InitPins)
    TM_MFRC522_ReadRegister                  0x08002281   Thumb Code    48  tm_stm32f10x_mfrc522.o(i.TM_MFRC522_ReadRegister)
    TM_MFRC522_Request                       0x080022b5   Thumb Code    50  tm_stm32f10x_mfrc522.o(i.TM_MFRC522_Request)
    TM_MFRC522_Reset                         0x080022e7   Thumb Code    12  tm_stm32f10x_mfrc522.o(i.TM_MFRC522_Reset)
    TM_MFRC522_SetBitMask                    0x080022f3   Thumb Code    26  tm_stm32f10x_mfrc522.o(i.TM_MFRC522_SetBitMask)
    TM_MFRC522_ToCard                        0x0800230d   Thumb Code   298  tm_stm32f10x_mfrc522.o(i.TM_MFRC522_ToCard)
    TM_MFRC522_WriteRegister                 0x08002439   Thumb Code    42  tm_stm32f10x_mfrc522.o(i.TM_MFRC522_WriteRegister)
    TurnOneTouchMode                         0x08002469   Thumb Code   150  user_control.o(i.TurnOneTouchMode)
    Turn_buzz                                0x0800258d   Thumb Code    30  user_control.o(i.Turn_buzz)
    Turn_led_close                           0x080025b1   Thumb Code    32  user_control.o(i.Turn_led_close)
    Turn_led_open                            0x080025d5   Thumb Code    32  user_control.o(i.Turn_led_open)
    Turn_lock                                0x080025f9   Thumb Code    30  user_control.o(i.Turn_lock)
    USART2_IRQHandler                        0x0800261d   Thumb Code   170  user_control.o(i.USART2_IRQHandler)
    USART_Cmd                                0x080026f5   Thumb Code    24  stm32f10x_usart.o(i.USART_Cmd)
    USART_GetFlagStatus                      0x0800270d   Thumb Code    26  stm32f10x_usart.o(i.USART_GetFlagStatus)
    USART_GetITStatus                        0x08002727   Thumb Code    84  stm32f10x_usart.o(i.USART_GetITStatus)
    USART_ITConfig                           0x0800277b   Thumb Code    74  stm32f10x_usart.o(i.USART_ITConfig)
    USART_Init                               0x080027c5   Thumb Code   210  stm32f10x_usart.o(i.USART_Init)
    USART_ReceiveData                        0x0800289d   Thumb Code    10  stm32f10x_usart.o(i.USART_ReceiveData)
    USART_SendData                           0x080028a7   Thumb Code     8  stm32f10x_usart.o(i.USART_SendData)
    Updata_Data_From_PAGE0                   0x080028af   Thumb Code    20  user_control.o(i.Updata_Data_From_PAGE0)
    Updata_EmerFlag                          0x080028c5   Thumb Code    16  user_control.o(i.Updata_EmerFlag)
    Updata_NbrID                             0x080028d9   Thumb Code    16  user_control.o(i.Updata_NbrID)
    Updata_OneTouchMode                      0x080028ed   Thumb Code    16  user_control.o(i.Updata_OneTouchMode)
    Updata_Password                          0x08002901   Thumb Code    30  user_control.o(i.Updata_Password)
    User_FLASH_Erase                         0x08002925   Thumb Code    32  user_flash.o(i.User_FLASH_Erase)
    User_FLASH_Read                          0x08002949   Thumb Code    16  user_flash.o(i.User_FLASH_Read)
    User_FLASH_Write                         0x0800295d   Thumb Code    36  user_flash.o(i.User_FLASH_Write)
    User_GPIO_Init                           0x08002985   Thumb Code   132  user_gpio.o(i.User_GPIO_Init)
    User_USART2_GPIO_Configuration           0x08002a19   Thumb Code    50  user_usart2.o(i.User_USART2_GPIO_Configuration)
    User_USART2_Init                         0x08002a51   Thumb Code    64  user_usart2.o(i.User_USART2_Init)
    User_USART2_NVIC_Configuration           0x08002a99   Thumb Code    32  user_usart2.o(i.User_USART2_NVIC_Configuration)
    User_USART2_RCC_Configuration            0x08002ab9   Thumb Code    20  user_usart2.o(i.User_USART2_RCC_Configuration)
    User_USART2_ReceiveChar                  0x08002acd   Thumb Code    10  user_usart2.o(i.User_USART2_ReceiveChar)
    User_USART2_ReceiveString                0x08002add   Thumb Code   142  user_usart2.o(i.User_USART2_ReceiveString)
    User_USART2_ReceiveString2               0x08002b79   Thumb Code   114  user_usart2.o(i.User_USART2_ReceiveString2)
    User_USART2_SendChar                     0x08002bf9   Thumb Code    28  user_usart2.o(i.User_USART2_SendChar)
    User_USART2_SendSchar                    0x08002c19   Thumb Code    26  user_usart2.o(i.User_USART2_SendSchar)
    Write_EmerFlag                           0x08002c33   Thumb Code    16  user_control.o(i.Write_EmerFlag)
    Write_NbrID                              0x08002c43   Thumb Code    16  user_control.o(i.Write_NbrID)
    Write_OneTouchMode                       0x08002c53   Thumb Code    16  user_control.o(i.Write_OneTouchMode)
    Write_Page0                              0x08002c63   Thumb Code    46  user_control.o(i.Write_Page0)
    Write_Password                           0x08002c91   Thumb Code    56  user_control.o(i.Write_Password)
    _is_digit                                0x08002cc9   Thumb Code    14  __printf_wp.o(i._is_digit)
    main                                     0x08002cd9   Thumb Code   562  main.o(i.main)
    _get_lc_ctype                            0x08002f91   Thumb Code    44  lc_ctype_c.o(locale$$code)
    Region$$Table$$Base                      0x08002ff8   Number         0  anon$$obj.o(Region$$Table)
    Region$$Table$$Limit                     0x08003018   Number         0  anon$$obj.o(Region$$Table)
    __ctype                                  0x08003025   Data           0  lc_ctype_c.o(locale$$data)
    SystemCoreClock                          0x20000000   Data           4  system_stm32f10x.o(.data)
    AHBPrescTable                            0x20000004   Data          16  system_stm32f10x.o(.data)
    Emer_flag                                0x2000003c   Data           2  user_control.o(.data)
    Nbr_ID                                   0x2000003e   Data           2  user_control.o(.data)
    OneTouch                                 0x20000040   Data           1  user_control.o(.data)
    Door_status                              0x20000041   Data           1  user_control.o(.data)
    buff_pos                                 0x20000042   Data           2  user_control.o(.data)
    receive_flag                             0x20000044   Data           1  user_control.o(.data)
    ScanedID                                 0x20000045   Data           5  user_control.o(.data)
    Enter_pass_remove_alert                  0x2000004a   Data           1  user_control.o(.data)
    AddMember_flag                           0x2000004b   Data           1  user_control.o(.data)
    RemoveMember_flag                        0x2000004c   Data           1  user_control.o(.data)
    ChangePassword_flag                      0x2000004d   Data           1  user_control.o(.data)
    OneTouchMode_flag                        0x2000004e   Data           1  user_control.o(.data)
    OpenDoorUSART_flag                       0x2000004f   Data           1  user_control.o(.data)
    password                                 0x20000058   Data          62  user_control.o(.bss)
    TempBuff                                 0x20000096   Data          50  user_control.o(.bss)
    buff                                     0x200000c8   Data         200  user_control.o(.bss)
    USART2_InitStructure                     0x20000254   Data          16  user_usart2.o(.bss)
    __libspace_start                         0x20000264   Data          96  libspace.o(.bss)
    __temporary_stack_top$libspace           0x200002c4   Data           0  libspace.o(.bss)



==============================================================================

Memory Map of the image

  Image Entry point : 0x080000ed

  Load Region LR_IROM1 (Base: 0x08000000, Size: 0x00003180, Max: 0x00010000, ABSOLUTE)

    Execution Region ER_IROM1 (Exec base: 0x08000000, Load base: 0x08000000, Size: 0x00003128, Max: 0x00010000, ABSOLUTE)

    Exec Addr    Load Addr    Size         Type   Attr      Idx    E Section Name        Object

    0x08000000   0x08000000   0x000000ec   Data   RO            3    RESET               startup_stm32f10x_md.o
    0x080000ec   0x080000ec   0x00000008   Code   RO         2601  * !!!main             c_w.l(__main.o)
    0x080000f4   0x080000f4   0x00000034   Code   RO         2790    !!!scatter          c_w.l(__scatter.o)
    0x08000128   0x08000128   0x0000001a   Code   RO         2792    !!handler_copy      c_w.l(__scatter_copy.o)
    0x08000142   0x08000142   0x00000002   PAD
    0x08000144   0x08000144   0x0000001c   Code   RO         2794    !!handler_zi        c_w.l(__scatter_zi.o)
    0x08000160   0x08000160   0x00000000   Code   RO         2594    .ARM.Collect$$_printf_percent$$00000000  c_w.l(_printf_percent.o)
    0x08000160   0x08000160   0x00000006   Code   RO         2593    .ARM.Collect$$_printf_percent$$00000009  c_w.l(_printf_d.o)
    0x08000166   0x08000166   0x00000006   Code   RO         2592    .ARM.Collect$$_printf_percent$$0000000C  c_w.l(_printf_x.o)
    0x0800016c   0x0800016c   0x00000006   Code   RO         2591    .ARM.Collect$$_printf_percent$$00000014  c_w.l(_printf_s.o)
    0x08000172   0x08000172   0x00000004   Code   RO         2617    .ARM.Collect$$_printf_percent$$00000017  c_w.l(_printf_percent_end.o)
    0x08000176   0x08000176   0x00000002   Code   RO         2663    .ARM.Collect$$libinit$$00000000  c_w.l(libinit.o)
    0x08000178   0x08000178   0x00000000   Code   RO         2667    .ARM.Collect$$libinit$$00000002  c_w.l(libinit2.o)
    0x08000178   0x08000178   0x00000000   Code   RO         2669    .ARM.Collect$$libinit$$00000004  c_w.l(libinit2.o)
    0x08000178   0x08000178   0x00000000   Code   RO         2672    .ARM.Collect$$libinit$$0000000A  c_w.l(libinit2.o)
    0x08000178   0x08000178   0x00000000   Code   RO         2674    .ARM.Collect$$libinit$$0000000C  c_w.l(libinit2.o)
    0x08000178   0x08000178   0x00000000   Code   RO         2676    .ARM.Collect$$libinit$$0000000E  c_w.l(libinit2.o)
    0x08000178   0x08000178   0x00000006   Code   RO         2677    .ARM.Collect$$libinit$$0000000F  c_w.l(libinit2.o)
    0x0800017e   0x0800017e   0x00000000   Code   RO         2679    .ARM.Collect$$libinit$$00000011  c_w.l(libinit2.o)
    0x0800017e   0x0800017e   0x0000000c   Code   RO         2680    .ARM.Collect$$libinit$$00000012  c_w.l(libinit2.o)
    0x0800018a   0x0800018a   0x00000000   Code   RO         2681    .ARM.Collect$$libinit$$00000013  c_w.l(libinit2.o)
    0x0800018a   0x0800018a   0x00000000   Code   RO         2683    .ARM.Collect$$libinit$$00000015  c_w.l(libinit2.o)
    0x0800018a   0x0800018a   0x00000000   Code   RO         2685    .ARM.Collect$$libinit$$00000017  c_w.l(libinit2.o)
    0x0800018a   0x0800018a   0x00000000   Code   RO         2687    .ARM.Collect$$libinit$$00000019  c_w.l(libinit2.o)
    0x0800018a   0x0800018a   0x00000000   Code   RO         2689    .ARM.Collect$$libinit$$0000001B  c_w.l(libinit2.o)
    0x0800018a   0x0800018a   0x00000000   Code   RO         2691    .ARM.Collect$$libinit$$0000001D  c_w.l(libinit2.o)
    0x0800018a   0x0800018a   0x00000000   Code   RO         2693    .ARM.Collect$$libinit$$0000001F  c_w.l(libinit2.o)
    0x0800018a   0x0800018a   0x00000000   Code   RO         2695    .ARM.Collect$$libinit$$00000021  c_w.l(libinit2.o)
    0x0800018a   0x0800018a   0x00000000   Code   RO         2697    .ARM.Collect$$libinit$$00000023  c_w.l(libinit2.o)
    0x0800018a   0x0800018a   0x00000000   Code   RO         2699    .ARM.Collect$$libinit$$00000025  c_w.l(libinit2.o)
    0x0800018a   0x0800018a   0x00000000   Code   RO         2703    .ARM.Collect$$libinit$$0000002C  c_w.l(libinit2.o)
    0x0800018a   0x0800018a   0x00000000   Code   RO         2705    .ARM.Collect$$libinit$$0000002E  c_w.l(libinit2.o)
    0x0800018a   0x0800018a   0x00000000   Code   RO         2707    .ARM.Collect$$libinit$$00000030  c_w.l(libinit2.o)
    0x0800018a   0x0800018a   0x00000000   Code   RO         2709    .ARM.Collect$$libinit$$00000032  c_w.l(libinit2.o)
    0x0800018a   0x0800018a   0x00000002   Code   RO         2710    .ARM.Collect$$libinit$$00000033  c_w.l(libinit2.o)
    0x0800018c   0x0800018c   0x00000002   Code   RO         2730    .ARM.Collect$$libshutdown$$00000000  c_w.l(libshutdown.o)
    0x0800018e   0x0800018e   0x00000000   Code   RO         2743    .ARM.Collect$$libshutdown$$00000002  c_w.l(libshutdown2.o)
    0x0800018e   0x0800018e   0x00000000   Code   RO         2745    .ARM.Collect$$libshutdown$$00000004  c_w.l(libshutdown2.o)
    0x0800018e   0x0800018e   0x00000000   Code   RO         2748    .ARM.Collect$$libshutdown$$00000007  c_w.l(libshutdown2.o)
    0x0800018e   0x0800018e   0x00000000   Code   RO         2751    .ARM.Collect$$libshutdown$$0000000A  c_w.l(libshutdown2.o)
    0x0800018e   0x0800018e   0x00000000   Code   RO         2753    .ARM.Collect$$libshutdown$$0000000C  c_w.l(libshutdown2.o)
    0x0800018e   0x0800018e   0x00000000   Code   RO         2756    .ARM.Collect$$libshutdown$$0000000F  c_w.l(libshutdown2.o)
    0x0800018e   0x0800018e   0x00000002   Code   RO         2757    .ARM.Collect$$libshutdown$$00000010  c_w.l(libshutdown2.o)
    0x08000190   0x08000190   0x00000000   Code   RO         2603    .ARM.Collect$$rtentry$$00000000  c_w.l(__rtentry.o)
    0x08000190   0x08000190   0x00000000   Code   RO         2624    .ARM.Collect$$rtentry$$00000002  c_w.l(__rtentry2.o)
    0x08000190   0x08000190   0x00000006   Code   RO         2636    .ARM.Collect$$rtentry$$00000004  c_w.l(__rtentry4.o)
    0x08000196   0x08000196   0x00000000   Code   RO         2626    .ARM.Collect$$rtentry$$00000009  c_w.l(__rtentry2.o)
    0x08000196   0x08000196   0x00000004   Code   RO         2627    .ARM.Collect$$rtentry$$0000000A  c_w.l(__rtentry2.o)
    0x0800019a   0x0800019a   0x00000000   Code   RO         2629    .ARM.Collect$$rtentry$$0000000C  c_w.l(__rtentry2.o)
    0x0800019a   0x0800019a   0x00000008   Code   RO         2630    .ARM.Collect$$rtentry$$0000000D  c_w.l(__rtentry2.o)
    0x080001a2   0x080001a2   0x00000002   Code   RO         2664    .ARM.Collect$$rtexit$$00000000  c_w.l(rtexit.o)
    0x080001a4   0x080001a4   0x00000000   Code   RO         2712    .ARM.Collect$$rtexit$$00000002  c_w.l(rtexit2.o)
    0x080001a4   0x080001a4   0x00000004   Code   RO         2713    .ARM.Collect$$rtexit$$00000003  c_w.l(rtexit2.o)
    0x080001a8   0x080001a8   0x00000006   Code   RO         2714    .ARM.Collect$$rtexit$$00000004  c_w.l(rtexit2.o)
    0x080001ae   0x080001ae   0x00000002   PAD
    0x080001b0   0x080001b0   0x00000040   Code   RO            4    .text               startup_stm32f10x_md.o
    0x080001f0   0x080001f0   0x00000028   Code   RO         2540    .text               c_w.l(noretval__2sprintf.o)
    0x08000218   0x08000218   0x0000004e   Code   RO         2544    .text               c_w.l(_printf_pad.o)
    0x08000266   0x08000266   0x00000052   Code   RO         2546    .text               c_w.l(_printf_str.o)
    0x080002b8   0x080002b8   0x00000078   Code   RO         2548    .text               c_w.l(_printf_dec.o)
    0x08000330   0x08000330   0x00000058   Code   RO         2553    .text               c_w.l(_printf_hex_int.o)
    0x08000388   0x08000388   0x00000138   Code   RO         2583    .text               c_w.l(__printf_flags_wp.o)
    0x080004c0   0x080004c0   0x0000001a   Code   RO         2595    .text               c_w.l(atoi.o)
    0x080004da   0x080004da   0x00000002   PAD
    0x080004dc   0x080004dc   0x00000080   Code   RO         2597    .text               c_w.l(strcmpv7m.o)
    0x0800055c   0x0800055c   0x00000006   Code   RO         2599    .text               c_w.l(heapauxi.o)
    0x08000562   0x08000562   0x00000002   PAD
    0x08000564   0x08000564   0x00000008   Code   RO         2607    .text               c_w.l(rt_errno_addr_intlibspace.o)
    0x0800056c   0x0800056c   0x000000b2   Code   RO         2609    .text               c_w.l(_printf_intcommon.o)
    0x0800061e   0x0800061e   0x00000002   PAD
    0x08000620   0x08000620   0x00000030   Code   RO         2611    .text               c_w.l(_printf_char_common.o)
    0x08000650   0x08000650   0x0000000a   Code   RO         2613    .text               c_w.l(_sputc.o)
    0x0800065a   0x0800065a   0x0000002c   Code   RO         2615    .text               c_w.l(_printf_char.o)
    0x08000686   0x08000686   0x00000070   Code   RO         2618    .text               c_w.l(strtol.o)
    0x080006f6   0x080006f6   0x00000002   PAD
    0x080006f8   0x080006f8   0x00000008   Code   RO         2620    .text               c_w.l(libspace.o)
    0x08000700   0x08000700   0x00000010   Code   RO         2638    .text               c_w.l(rt_ctype_table.o)
    0x08000710   0x08000710   0x0000009e   Code   RO         2642    .text               c_w.l(_strtoul.o)
    0x080007ae   0x080007ae   0x0000004a   Code   RO         2644    .text               c_w.l(sys_stackheap_outer.o)
    0x080007f8   0x080007f8   0x00000008   Code   RO         2649    .text               c_w.l(rt_locale_intlibspace.o)
    0x08000800   0x08000800   0x0000001c   Code   RO         2651    .text               c_w.l(_chval.o)
    0x0800081c   0x0800081c   0x00000012   Code   RO         2656    .text               c_w.l(exit.o)
    0x0800082e   0x0800082e   0x00000002   PAD
    0x08000830   0x08000830   0x0000000c   Code   RO         2722    .text               c_w.l(sys_exit.o)
    0x0800083c   0x0800083c   0x00000002   Code   RO         2733    .text               c_w.l(use_no_semi.o)
    0x0800083e   0x0800083e   0x00000000   Code   RO         2735    .text               c_w.l(indicate_semi.o)
    0x0800083e   0x0800083e   0x00000002   PAD
    0x08000840   0x08000840   0x00000108   Code   RO         2102    i.Add_ID            user_control.o
    0x08000948   0x08000948   0x00000108   Code   RO         2103    i.Add_MSSV          user_control.o
    0x08000a50   0x08000a50   0x00000174   Code   RO         2104    i.Add_Mem_Procedure  user_control.o
    0x08000bc4   0x08000bc4   0x00000118   Code   RO         2105    i.Add_Name          user_control.o
    0x08000cdc   0x08000cdc   0x00000088   Code   RO         2106    i.Add_NewMem        user_control.o
    0x08000d64   0x08000d64   0x00000198   Code   RO         2107    i.ChangePass        user_control.o
    0x08000efc   0x08000efc   0x00000078   Code   RO         2108    i.CheckAlert        user_control.o
    0x08000f74   0x08000f74   0x0000001c   Code   RO         2109    i.CheckDoorStatus   user_control.o
    0x08000f90   0x08000f90   0x00000016   Code   RO         2110    i.CheckScanedID     user_control.o
    0x08000fa6   0x08000fa6   0x00000002   PAD
    0x08000fa8   0x08000fa8   0x00000050   Code   RO         2111    i.CloseDoor         user_control.o
    0x08000ff8   0x08000ff8   0x00000028   Code   RO         2112    i.ComparePassword   user_control.o
    0x08001020   0x08001020   0x00000024   Code   RO         2113    i.CompareUintChar   user_control.o
    0x08001044   0x08001044   0x0000002c   Code   RO         2114    i.ConvertCharToUint16  user_control.o
    0x08001070   0x08001070   0x00000028   Code   RO         2118    i.ConvertUint8ToChar  user_control.o
    0x08001098   0x08001098   0x00000068   Code   RO         1846    i.DelayInit         delay.o
    0x08001100   0x08001100   0x00000018   Code   RO         1847    i.DelayMs           delay.o
    0x08001118   0x08001118   0x00000014   Code   RO         1848    i.DelayUs           delay.o
    0x0800112c   0x0800112c   0x000000b8   Code   RO         2119    i.DisplayMenu       user_control.o
    0x080011e4   0x080011e4   0x000000f4   Code   RO         2120    i.Display_ID        user_control.o
    0x080012d8   0x080012d8   0x0000000c   Code   RO         1612    i.FLASH_ClearFlag   stm32f10x_flash.o
    0x080012e4   0x080012e4   0x0000004c   Code   RO         1617    i.FLASH_ErasePage   stm32f10x_flash.o
    0x08001330   0x08001330   0x00000034   Code   RO         1618    i.FLASH_GetBank1Status  stm32f10x_flash.o
    0x08001364   0x08001364   0x00000014   Code   RO         1627    i.FLASH_Lock        stm32f10x_flash.o
    0x08001378   0x08001378   0x00000040   Code   RO         1630    i.FLASH_ProgramHalfWord  stm32f10x_flash.o
    0x080013b8   0x080013b8   0x00000018   Code   RO         1635    i.FLASH_Unlock      stm32f10x_flash.o
    0x080013d0   0x080013d0   0x00000026   Code   RO         1639    i.FLASH_WaitForLastOperation  stm32f10x_flash.o
    0x080013f6   0x080013f6   0x00000116   Code   RO          126    i.GPIO_Init         stm32f10x_gpio.o
    0x0800150c   0x0800150c   0x00000012   Code   RO          130    i.GPIO_ReadInputDataBit  stm32f10x_gpio.o
    0x0800151e   0x0800151e   0x00000002   PAD
    0x08001520   0x08001520   0x00000010   Code   RO         2494    i.IWDG_Enable       stm32f10x_iwdg.o
    0x08001530   0x08001530   0x00000010   Code   RO         2496    i.IWDG_ReloadCounter  stm32f10x_iwdg.o
    0x08001540   0x08001540   0x0000000c   Code   RO         2497    i.IWDG_SetPrescaler  stm32f10x_iwdg.o
    0x0800154c   0x0800154c   0x0000000c   Code   RO         2498    i.IWDG_SetReload    stm32f10x_iwdg.o
    0x08001558   0x08001558   0x0000000c   Code   RO         2499    i.IWDG_WriteAccessCmd  stm32f10x_iwdg.o
    0x08001564   0x08001564   0x00000070   Code   RO           80    i.NVIC_Init         misc.o
    0x080015d4   0x080015d4   0x00000070   Code   RO         2122    i.OpenDoor          user_control.o
    0x08001644   0x08001644   0x00000058   Code   RO         2123    i.Pick_ID           user_control.o
    0x0800169c   0x0800169c   0x00000050   Code   RO         2124    i.Pick_MSSV         user_control.o
    0x080016ec   0x080016ec   0x00000058   Code   RO         2125    i.Pick_Name         user_control.o
    0x08001744   0x08001744   0x00000020   Code   RO          236    i.RCC_APB1PeriphClockCmd  stm32f10x_rcc.o
    0x08001764   0x08001764   0x00000020   Code   RO          238    i.RCC_APB2PeriphClockCmd  stm32f10x_rcc.o
    0x08001784   0x08001784   0x000000d4   Code   RO          246    i.RCC_GetClocksFreq  stm32f10x_rcc.o
    0x08001858   0x08001858   0x00000010   Code   RO         2076    i.Read_status       user_gpio.o
    0x08001868   0x08001868   0x000000f0   Code   RO         2126    i.Remove_ID         user_control.o
    0x08001958   0x08001958   0x000000e0   Code   RO         2127    i.Remove_MSSV       user_control.o
    0x08001a38   0x08001a38   0x00000070   Code   RO         2128    i.Remove_Mem        user_control.o
    0x08001aa8   0x08001aa8   0x00000108   Code   RO         2129    i.Remove_Mem_Procedure  user_control.o
    0x08001bb0   0x08001bb0   0x000000fc   Code   RO         2130    i.Remove_Name       user_control.o
    0x08001cac   0x08001cac   0x00000098   Code   RO         2131    i.RequirePassword   user_control.o
    0x08001d44   0x08001d44   0x00000014   Code   RO         2132    i.ResetArr          user_control.o
    0x08001d58   0x08001d58   0x00000012   Code   RO         2077    i.SC_bit            user_gpio.o
    0x08001d6a   0x08001d6a   0x00000002   PAD
    0x08001d6c   0x08001d6c   0x00000038   Code   RO         1918    i.SPI2_ReadWrite    tm_stm32f10x_mfrc522.o
    0x08001da4   0x08001da4   0x00000018   Code   RO          439    i.SPI_Cmd           stm32f10x_spi.o
    0x08001dbc   0x08001dbc   0x00000012   Code   RO          447    i.SPI_I2S_GetFlagStatus  stm32f10x_spi.o
    0x08001dce   0x08001dce   0x00000006   Code   RO          450    i.SPI_I2S_ReceiveData  stm32f10x_spi.o
    0x08001dd4   0x08001dd4   0x00000004   Code   RO          451    i.SPI_I2S_SendData  stm32f10x_spi.o
    0x08001dd8   0x08001dd8   0x0000003c   Code   RO          452    i.SPI_Init          stm32f10x_spi.o
    0x08001e14   0x08001e14   0x00000048   Code   RO         2133    i.Search_ID         user_control.o
    0x08001e5c   0x08001e5c   0x00000008   Code   RO           24    i.SetSysClock       system_stm32f10x.o
    0x08001e64   0x08001e64   0x000000e0   Code   RO           25    i.SetSysClockTo72   system_stm32f10x.o
    0x08001f44   0x08001f44   0x00000018   Code   RO         1849    i.SysTick_Handler   delay.o
    0x08001f5c   0x08001f5c   0x000000a4   Code   RO           26    i.SystemCoreClockUpdate  system_stm32f10x.o
    0x08002000   0x08002000   0x00000060   Code   RO           27    i.SystemInit        system_stm32f10x.o
    0x08002060   0x08002060   0x0000001a   Code   RO         1920    i.TM_MFRC522_AntennaOn  tm_stm32f10x_mfrc522.o
    0x0800207a   0x0800207a   0x0000004a   Code   RO         1921    i.TM_MFRC522_Anticoll  tm_stm32f10x_mfrc522.o
    0x080020c4   0x080020c4   0x00000064   Code   RO         1923    i.TM_MFRC522_CalculateCRC  tm_stm32f10x_mfrc522.o
    0x08002128   0x08002128   0x00000020   Code   RO         1924    i.TM_MFRC522_Check  tm_stm32f10x_mfrc522.o
    0x08002148   0x08002148   0x0000001a   Code   RO         1925    i.TM_MFRC522_ClearBitMask  tm_stm32f10x_mfrc522.o
    0x08002162   0x08002162   0x0000002c   Code   RO         1927    i.TM_MFRC522_Halt   tm_stm32f10x_mfrc522.o
    0x0800218e   0x0800218e   0x00000048   Code   RO         1928    i.TM_MFRC522_Init   tm_stm32f10x_mfrc522.o
    0x080021d6   0x080021d6   0x00000002   PAD
    0x080021d8   0x080021d8   0x000000a8   Code   RO         1929    i.TM_MFRC522_InitPins  tm_stm32f10x_mfrc522.o
    0x08002280   0x08002280   0x00000034   Code   RO         1931    i.TM_MFRC522_ReadRegister  tm_stm32f10x_mfrc522.o
    0x080022b4   0x080022b4   0x00000032   Code   RO         1932    i.TM_MFRC522_Request  tm_stm32f10x_mfrc522.o
    0x080022e6   0x080022e6   0x0000000c   Code   RO         1933    i.TM_MFRC522_Reset  tm_stm32f10x_mfrc522.o
    0x080022f2   0x080022f2   0x0000001a   Code   RO         1935    i.TM_MFRC522_SetBitMask  tm_stm32f10x_mfrc522.o
    0x0800230c   0x0800230c   0x0000012a   Code   RO         1936    i.TM_MFRC522_ToCard  tm_stm32f10x_mfrc522.o
    0x08002436   0x08002436   0x00000002   PAD
    0x08002438   0x08002438   0x00000030   Code   RO         1938    i.TM_MFRC522_WriteRegister  tm_stm32f10x_mfrc522.o
    0x08002468   0x08002468   0x00000124   Code   RO         2136    i.TurnOneTouchMode  user_control.o
    0x0800258c   0x0800258c   0x00000024   Code   RO         2137    i.Turn_buzz         user_control.o
    0x080025b0   0x080025b0   0x00000024   Code   RO         2138    i.Turn_led_close    user_control.o
    0x080025d4   0x080025d4   0x00000024   Code   RO         2139    i.Turn_led_open     user_control.o
    0x080025f8   0x080025f8   0x00000024   Code   RO         2140    i.Turn_lock         user_control.o
    0x0800261c   0x0800261c   0x000000d8   Code   RO         2141    i.USART2_IRQHandler  user_control.o
    0x080026f4   0x080026f4   0x00000018   Code   RO          585    i.USART_Cmd         stm32f10x_usart.o
    0x0800270c   0x0800270c   0x0000001a   Code   RO          588    i.USART_GetFlagStatus  stm32f10x_usart.o
    0x08002726   0x08002726   0x00000054   Code   RO          589    i.USART_GetITStatus  stm32f10x_usart.o
    0x0800277a   0x0800277a   0x0000004a   Code   RO          591    i.USART_ITConfig    stm32f10x_usart.o
    0x080027c4   0x080027c4   0x000000d8   Code   RO          592    i.USART_Init        stm32f10x_usart.o
    0x0800289c   0x0800289c   0x0000000a   Code   RO          599    i.USART_ReceiveData  stm32f10x_usart.o
    0x080028a6   0x080028a6   0x00000008   Code   RO          602    i.USART_SendData    stm32f10x_usart.o
    0x080028ae   0x080028ae   0x00000014   Code   RO         2142    i.Updata_Data_From_PAGE0  user_control.o
    0x080028c2   0x080028c2   0x00000002   PAD
    0x080028c4   0x080028c4   0x00000014   Code   RO         2143    i.Updata_EmerFlag   user_control.o
    0x080028d8   0x080028d8   0x00000014   Code   RO         2144    i.Updata_NbrID      user_control.o
    0x080028ec   0x080028ec   0x00000014   Code   RO         2145    i.Updata_OneTouchMode  user_control.o
    0x08002900   0x08002900   0x00000024   Code   RO         2146    i.Updata_Password   user_control.o
    0x08002924   0x08002924   0x00000024   Code   RO         2050    i.User_FLASH_Erase  user_flash.o
    0x08002948   0x08002948   0x00000014   Code   RO         2051    i.User_FLASH_Read   user_flash.o
    0x0800295c   0x0800295c   0x00000028   Code   RO         2052    i.User_FLASH_Write  user_flash.o
    0x08002984   0x08002984   0x00000094   Code   RO         2078    i.User_GPIO_Init    user_gpio.o
    0x08002a18   0x08002a18   0x00000038   Code   RO         2421    i.User_USART2_GPIO_Configuration  user_usart2.o
    0x08002a50   0x08002a50   0x00000048   Code   RO         2422    i.User_USART2_Init  user_usart2.o
    0x08002a98   0x08002a98   0x00000020   Code   RO         2423    i.User_USART2_NVIC_Configuration  user_usart2.o
    0x08002ab8   0x08002ab8   0x00000014   Code   RO         2424    i.User_USART2_RCC_Configuration  user_usart2.o
    0x08002acc   0x08002acc   0x00000010   Code   RO         2425    i.User_USART2_ReceiveChar  user_usart2.o
    0x08002adc   0x08002adc   0x0000009c   Code   RO         2426    i.User_USART2_ReceiveString  user_usart2.o
    0x08002b78   0x08002b78   0x00000080   Code   RO         2427    i.User_USART2_ReceiveString2  user_usart2.o
    0x08002bf8   0x08002bf8   0x00000020   Code   RO         2428    i.User_USART2_SendChar  user_usart2.o
    0x08002c18   0x08002c18   0x0000001a   Code   RO         2429    i.User_USART2_SendSchar  user_usart2.o
    0x08002c32   0x08002c32   0x00000010   Code   RO         2147    i.Write_EmerFlag    user_control.o
    0x08002c42   0x08002c42   0x00000010   Code   RO         2148    i.Write_NbrID       user_control.o
    0x08002c52   0x08002c52   0x00000010   Code   RO         2149    i.Write_OneTouchMode  user_control.o
    0x08002c62   0x08002c62   0x0000002e   Code   RO         2150    i.Write_Page0       user_control.o
    0x08002c90   0x08002c90   0x00000038   Code   RO         2151    i.Write_Password    user_control.o
    0x08002cc8   0x08002cc8   0x0000000e   Code   RO         2581    i._is_digit         c_w.l(__printf_wp.o)
    0x08002cd6   0x08002cd6   0x00000002   PAD
    0x08002cd8   0x08002cd8   0x000002b8   Code   RO         1789    i.main              main.o
    0x08002f90   0x08002f90   0x0000002c   Code   RO         2654    locale$$code        c_w.l(lc_ctype_c.o)
    0x08002fbc   0x08002fbc   0x00000028   Data   RO         2554    .constdata          c_w.l(_printf_hex_int.o)
    0x08002fe4   0x08002fe4   0x00000011   Data   RO         2584    .constdata          c_w.l(__printf_flags_wp.o)
    0x08002ff5   0x08002ff5   0x00000003   PAD
    0x08002ff8   0x08002ff8   0x00000020   Data   RO         2788    Region$$Table       anon$$obj.o
    0x08003018   0x08003018   0x00000110   Data   RO         2653    locale$$data        c_w.l(lc_ctype_c.o)


    Execution Region RW_IRAM1 (Exec base: 0x20000000, Load base: 0x08003128, Size: 0x000008c8, Max: 0x00005000, ABSOLUTE)

    Exec Addr    Load Addr    Size         Type   Attr      Idx    E Section Name        Object

    0x20000000   0x08003128   0x00000014   Data   RW           28    .data               system_stm32f10x.o
    0x20000014   0x0800313c   0x00000014   Data   RW          266    .data               stm32f10x_rcc.o
    0x20000028   0x08003150   0x00000004   Data   RW         1850    .data               delay.o
    0x2000002c   0x08003154   0x00000004   Data   RW         2053    .data               user_flash.o
    0x20000030   0x08003158   0x00000004   Data   RW         2079    .data               user_gpio.o
    0x20000034   0x0800315c   0x00000021   Data   RW         2153    .data               user_control.o
    0x20000055   0x0800317d   0x00000003   PAD
    0x20000058        -       0x000001fc   Zero   RW         2152    .bss                user_control.o
    0x20000254        -       0x00000010   Zero   RW         2431    .bss                user_usart2.o
    0x20000264        -       0x00000060   Zero   RW         2621    .bss                c_w.l(libspace.o)
    0x200002c4   0x0800317d   0x00000004   PAD
    0x200002c8        -       0x00000200   Zero   RW            2    HEAP                startup_stm32f10x_md.o
    0x200004c8        -       0x00000400   Zero   RW            1    STACK               startup_stm32f10x_md.o


==============================================================================

Image component sizes


      Code (inc. data)   RO Data    RW Data    ZI Data      Debug   Object Name

         0          0          0          0          0       4508   core_cm3.o
       172         28          0          4          0      17549   delay.o
       696        134          0          0          0       4550   main.o
       112         12          0          0          0       1036   misc.o
        64         26        236          0       1536        824   startup_stm32f10x_md.o
       286         36          0          0          0       9924   stm32f10x_flash.o
       296          0          0          0          0       2560   stm32f10x_gpio.o
        68         30          0          0          0       2250   stm32f10x_iwdg.o
       276         32          0         20          0       4338   stm32f10x_rcc.o
       112          0          0          0          0      10546   stm32f10x_spi.o
       442          6          0          0          0       5913   stm32f10x_usart.o
       492         50          0         20          0     229149   system_stm32f10x.o
      1084         26          0          0          0       9552   tm_stm32f10x_mfrc522.o
      5184       1602          0         33        508      27899   user_control.o
        96         12          0          4          0       1800   user_flash.o
       182         16          0          4          0       2188   user_gpio.o
       538         52          0          0         16       5662   user_usart2.o

    ----------------------------------------------------------------------
     10112       2062        268         88       2060     340248   Object Totals
         0          0         32          0          0          0   (incl. Generated)
        12          0          0          3          0          0   (incl. Padding)

    ----------------------------------------------------------------------

      Code (inc. data)   RO Data    RW Data    ZI Data      Debug   Library Member Name

         8          0          0          0          0         68   __main.o
       312          4         17          0          0         92   __printf_flags_wp.o
        14          0          0          0          0         68   __printf_wp.o
         0          0          0          0          0          0   __rtentry.o
        12          0          0          0          0          0   __rtentry2.o
         6          0          0          0          0          0   __rtentry4.o
        52          8          0          0          0          0   __scatter.o
        26          0          0          0          0          0   __scatter_copy.o
        28          0          0          0          0          0   __scatter_zi.o
        28          0          0          0          0         68   _chval.o
        44          0          0          0          0        108   _printf_char.o
        48          6          0          0          0         96   _printf_char_common.o
         6          0          0          0          0          0   _printf_d.o
       120         16          0          0          0         92   _printf_dec.o
        88          4         40          0          0         88   _printf_hex_int.o
       178          0          0          0          0         88   _printf_intcommon.o
        78          0          0          0          0        108   _printf_pad.o
         0          0          0          0          0          0   _printf_percent.o
         4          0          0          0          0          0   _printf_percent_end.o
         6          0          0          0          0          0   _printf_s.o
        82          0          0          0          0         80   _printf_str.o
         6          0          0          0          0          0   _printf_x.o
        10          0          0          0          0         68   _sputc.o
       158          0          0          0          0         92   _strtoul.o
        26          0          0          0          0         80   atoi.o
        18          0          0          0          0         80   exit.o
         6          0          0          0          0        152   heapauxi.o
         0          0          0          0          0          0   indicate_semi.o
        44         10        272          0          0         76   lc_ctype_c.o
         2          0          0          0          0          0   libinit.o
        20          0          0          0          0          0   libinit2.o
         2          0          0          0          0          0   libshutdown.o
         2          0          0          0          0          0   libshutdown2.o
         8          4          0          0         96         68   libspace.o
        40          6          0          0          0         84   noretval__2sprintf.o
        16          4          0          0          0         76   rt_ctype_table.o
         8          4          0          0          0         68   rt_errno_addr_intlibspace.o
         8          4          0          0          0         68   rt_locale_intlibspace.o
         2          0          0          0          0          0   rtexit.o
        10          0          0          0          0          0   rtexit2.o
       128          0          0          0          0         68   strcmpv7m.o
       112          0          0          0          0         88   strtol.o
        12          4          0          0          0         68   sys_exit.o
        74          0          0          0          0         80   sys_stackheap_outer.o
         2          0          0          0          0         68   use_no_semi.o

    ----------------------------------------------------------------------
      1872         74        332          0        100       2240   Library Totals
        18          0          3          0          4          0   (incl. Padding)

    ----------------------------------------------------------------------

      Code (inc. data)   RO Data    RW Data    ZI Data      Debug   Library Name

      1854         74        329          0         96       2240   c_w.l

    ----------------------------------------------------------------------
      1872         74        332          0        100       2240   Library Totals

    ----------------------------------------------------------------------

==============================================================================


      Code (inc. data)   RO Data    RW Data    ZI Data      Debug   

     11984       2136        600         88       2160     335568   Grand Totals
     11984       2136        600         88       2160     335568   ELF Image Totals
     11984       2136        600         88          0          0   ROM Totals

==============================================================================

    Total RO  Size (Code + RO Data)                12584 (  12.29kB)
    Total RW  Size (RW Data + ZI Data)              2248 (   2.20kB)
    Total ROM Size (Code + RO Data + RW Data)      12672 (  12.38kB)

==============================================================================

